Component: ARM Compiler 5.06 update 6 (build 750) Tool: armlink [4d35ed]

==============================================================================

Section Cross References

    startup_stm32f107xc.o(RESET) refers to startup_stm32f107xc.o(STACK) for __initial_sp
    startup_stm32f107xc.o(RESET) refers to startup_stm32f107xc.o(.text) for Reset_Handler
    startup_stm32f107xc.o(RESET) refers to stm32f1xx_it.o(i.NMI_Handler) for NMI_Handler
    startup_stm32f107xc.o(RESET) refers to stm32f1xx_it.o(i.HardFault_Handler) for HardFault_Handler
    startup_stm32f107xc.o(RESET) refers to stm32f1xx_it.o(i.MemManage_Handler) for MemManage_Handler
    startup_stm32f107xc.o(RESET) refers to stm32f1xx_it.o(i.BusFault_Handler) for BusFault_Handler
    startup_stm32f107xc.o(RESET) refers to stm32f1xx_it.o(i.UsageFault_Handler) for UsageFault_Handler
    startup_stm32f107xc.o(RESET) refers to stm32f1xx_it.o(i.SVC_Handler) for SVC_Handler
    startup_stm32f107xc.o(RESET) refers to stm32f1xx_it.o(i.DebugMon_Handler) for DebugMon_Handler
    startup_stm32f107xc.o(RESET) refers to stm32f1xx_it.o(i.PendSV_Handler) for PendSV_Handler
    startup_stm32f107xc.o(RESET) refers to stm32f1xx_it.o(i.SysTick_Handler) for SysTick_Handler
    startup_stm32f107xc.o(RESET) refers to stm32f1xx_it.o(i.RCC_IRQHandler) for RCC_IRQHandler
    startup_stm32f107xc.o(RESET) refers to stm32f1xx_it.o(i.DMA1_Channel1_IRQHandler) for DMA1_Channel1_IRQHandler
    startup_stm32f107xc.o(RESET) refers to stm32f1xx_it.o(i.TIM3_IRQHandler) for TIM3_IRQHandler
    startup_stm32f107xc.o(RESET) refers to stm32f1xx_it.o(i.I2C1_EV_IRQHandler) for I2C1_EV_IRQHandler
    startup_stm32f107xc.o(RESET) refers to stm32f1xx_it.o(i.I2C1_ER_IRQHandler) for I2C1_ER_IRQHandler
    startup_stm32f107xc.o(RESET) refers to stm32f1xx_it.o(i.USART1_IRQHandler) for USART1_IRQHandler
    startup_stm32f107xc.o(RESET) refers to stm32f1xx_it.o(i.TIM6_IRQHandler) for TIM6_IRQHandler
    startup_stm32f107xc.o(RESET) refers to stm32f1xx_it.o(i.TIM7_IRQHandler) for TIM7_IRQHandler
    startup_stm32f107xc.o(.text) refers to system_stm32f1xx.o(i.SystemInit) for SystemInit
    startup_stm32f107xc.o(.text) refers to entry.o(.ARM.Collect$$$$00000000) for __main
    stm32f1xx_it.o(i.DMA1_Channel1_IRQHandler) refers to stm32f1xx_hal_dma.o(i.HAL_DMA_IRQHandler) for HAL_DMA_IRQHandler
    stm32f1xx_it.o(i.DMA1_Channel1_IRQHandler) refers to main.o(.bss) for hdma_adc1
    stm32f1xx_it.o(i.I2C1_ER_IRQHandler) refers to stm32f1xx_hal_i2c.o(i.HAL_I2C_ER_IRQHandler) for HAL_I2C_ER_IRQHandler
    stm32f1xx_it.o(i.I2C1_ER_IRQHandler) refers to main.o(.bss) for hi2c1
    stm32f1xx_it.o(i.I2C1_EV_IRQHandler) refers to stm32f1xx_hal_i2c.o(i.HAL_I2C_EV_IRQHandler) for HAL_I2C_EV_IRQHandler
    stm32f1xx_it.o(i.I2C1_EV_IRQHandler) refers to main.o(.bss) for hi2c1
    stm32f1xx_it.o(i.SysTick_Handler) refers to stm32f1xx_hal.o(i.HAL_IncTick) for HAL_IncTick
    stm32f1xx_it.o(i.SysTick_Handler) refers to stm32f1xx_hal_cortex.o(i.HAL_SYSTICK_IRQHandler) for HAL_SYSTICK_IRQHandler
    stm32f1xx_it.o(i.TIM3_IRQHandler) refers to stm32f1xx_hal_tim.o(i.HAL_TIM_IRQHandler) for HAL_TIM_IRQHandler
    stm32f1xx_it.o(i.TIM3_IRQHandler) refers to main.o(.bss) for htim3
    stm32f1xx_it.o(i.TIM6_IRQHandler) refers to stm32f1xx_hal_tim.o(i.HAL_TIM_IRQHandler) for HAL_TIM_IRQHandler
    stm32f1xx_it.o(i.TIM6_IRQHandler) refers to main.o(.bss) for htim6
    stm32f1xx_it.o(i.TIM7_IRQHandler) refers to stm32f1xx_hal_tim.o(i.HAL_TIM_IRQHandler) for HAL_TIM_IRQHandler
    stm32f1xx_it.o(i.TIM7_IRQHandler) refers to main.o(.bss) for htim7
    stm32f1xx_it.o(i.USART1_IRQHandler) refers to stm32f1xx_hal_uart.o(i.HAL_UART_IRQHandler) for HAL_UART_IRQHandler
    stm32f1xx_it.o(i.USART1_IRQHandler) refers to main.o(.bss) for huart1
    stm32f1xx_it.o(i.USART1_IRQHandler) refers to mb.o(.data) for pxMBFrameCBByteReceived
    stm32f1xx_hal_msp.o(i.HAL_ADC_MspDeInit) refers to stm32f1xx_hal_gpio.o(i.HAL_GPIO_DeInit) for HAL_GPIO_DeInit
    stm32f1xx_hal_msp.o(i.HAL_ADC_MspDeInit) refers to stm32f1xx_hal_dma.o(i.HAL_DMA_DeInit) for HAL_DMA_DeInit
    stm32f1xx_hal_msp.o(i.HAL_ADC_MspInit) refers to stm32f1xx_hal_gpio.o(i.HAL_GPIO_Init) for HAL_GPIO_Init
    stm32f1xx_hal_msp.o(i.HAL_ADC_MspInit) refers to stm32f1xx_hal_dma.o(i.HAL_DMA_Init) for HAL_DMA_Init
    stm32f1xx_hal_msp.o(i.HAL_ADC_MspInit) refers to main.o(i._Error_Handler) for _Error_Handler
    stm32f1xx_hal_msp.o(i.HAL_ADC_MspInit) refers to main.o(.bss) for hdma_adc1
    stm32f1xx_hal_msp.o(i.HAL_I2C_MspDeInit) refers to stm32f1xx_hal_gpio.o(i.HAL_GPIO_DeInit) for HAL_GPIO_DeInit
    stm32f1xx_hal_msp.o(i.HAL_I2C_MspDeInit) refers to stm32f1xx_hal_cortex.o(i.HAL_NVIC_DisableIRQ) for HAL_NVIC_DisableIRQ
    stm32f1xx_hal_msp.o(i.HAL_I2C_MspInit) refers to stm32f1xx_hal_gpio.o(i.HAL_GPIO_Init) for HAL_GPIO_Init
    stm32f1xx_hal_msp.o(i.HAL_I2C_MspInit) refers to stm32f1xx_hal_cortex.o(i.HAL_NVIC_SetPriority) for HAL_NVIC_SetPriority
[...]
    RTC_Bcd2ToByte                           0x08008101   Thumb Code    18  stm32f1xx_hal_rtc.o(i.RTC_Bcd2ToByte)
    i.RTC_ByteToBcd2                         0x08008112   Section        0  stm32f1xx_hal_rtc.o(i.RTC_ByteToBcd2)
    RTC_ByteToBcd2                           0x08008113   Thumb Code    22  stm32f1xx_hal_rtc.o(i.RTC_ByteToBcd2)
    i.RTC_DateUpdate                         0x08008128   Section        0  stm32f1xx_hal_rtc.o(i.RTC_DateUpdate)
    RTC_DateUpdate                           0x08008129   Thumb Code   174  stm32f1xx_hal_rtc.o(i.RTC_DateUpdate)
    i.RTC_EnterInitMode                      0x080081d6   Section        0  stm32f1xx_hal_rtc.o(i.RTC_EnterInitMode)
    RTC_EnterInitMode                        0x080081d7   Thumb Code    52  stm32f1xx_hal_rtc.o(i.RTC_EnterInitMode)
    i.RTC_ExitInitMode                       0x0800820c   Section        0  stm32f1xx_hal_rtc.o(i.RTC_ExitInitMode)
    RTC_ExitInitMode                         0x0800820d   Thumb Code    54  stm32f1xx_hal_rtc.o(i.RTC_ExitInitMode)
    i.RTC_ReadAlarmCounter                   0x08008242   Section        0  stm32f1xx_hal_rtc.o(i.RTC_ReadAlarmCounter)
    RTC_ReadAlarmCounter                     0x08008243   Thumb Code    14  stm32f1xx_hal_rtc.o(i.RTC_ReadAlarmCounter)
    i.RTC_ReadTimeCounter                    0x08008250   Section        0  stm32f1xx_hal_rtc.o(i.RTC_ReadTimeCounter)
    RTC_ReadTimeCounter                      0x08008251   Thumb Code    32  stm32f1xx_hal_rtc.o(i.RTC_ReadTimeCounter)
    i.RTC_WeekDayNum                         0x08008270   Section        0  stm32f1xx_hal_rtc.o(i.RTC_WeekDayNum)
    RTC_WeekDayNum                           0x08008271   Thumb Code    86  stm32f1xx_hal_rtc.o(i.RTC_WeekDayNum)
    i.RTC_WriteAlarmCounter                  0x080082c6   Section        0  stm32f1xx_hal_rtc.o(i.RTC_WriteAlarmCounter)
    RTC_WriteAlarmCounter                    0x080082c7   Thumb Code    40  stm32f1xx_hal_rtc.o(i.RTC_WriteAlarmCounter)
    i.RTC_WriteTimeCounter                   0x080082ee   Section        0  stm32f1xx_hal_rtc.o(i.RTC_WriteTimeCounter)
    RTC_WriteTimeCounter                     0x080082ef   Thumb Code    40  stm32f1xx_hal_rtc.o(i.RTC_WriteTimeCounter)
    i.Read_Memory                            0x08008318   Section        0  main.o(i.Read_Memory)
    i.Record                                 0x080083a4   Section        0  main.o(i.Record)
    i.Rules                                  0x080084a8   Section        0  main.o(i.Rules)
    i.SVC_Handler                            0x080086c4   Section        0  stm32f1xx_it.o(i.SVC_Handler)
    i.SysTick_Handler                        0x080086c6   Section        0  stm32f1xx_it.o(i.SysTick_Handler)
    i.SystemClock_Config                     0x080086d4   Section        0  main.o(i.SystemClock_Config)
    i.SystemInit                             0x08008774   Section        0  system_stm32f1xx.o(i.SystemInit)
    i.TIM3_IRQHandler                        0x080087c8   Section        0  stm32f1xx_it.o(i.TIM3_IRQHandler)
    i.TIM6_IRQHandler                        0x080087d4   Section        0  stm32f1xx_it.o(i.TIM6_IRQHandler)
    i.TIM7_IRQHandler                        0x080087e0   Section        0  stm32f1xx_it.o(i.TIM7_IRQHandler)
    i.TIM_Base_SetConfig                     0x080087ec   Section        0  stm32f1xx_hal_tim.o(i.TIM_Base_SetConfig)
    i.TIM_ETR_SetConfig                      0x08008868   Section        0  stm32f1xx_hal_tim.o(i.TIM_ETR_SetConfig)
    TIM_ETR_SetConfig                        0x08008869   Thumb Code    20  stm32f1xx_hal_tim.o(i.TIM_ETR_SetConfig)
    i.TIM_ITRx_SetConfig                     0x0800887c   Section        0  stm32f1xx_hal_tim.o(i.TIM_ITRx_SetConfig)
    TIM_ITRx_SetConfig                       0x0800887d   Thumb Code    16  stm32f1xx_hal_tim.o(i.TIM_ITRx_SetConfig)
    i.TIM_TI1_ConfigInputStage               0x0800888c   Section        0  stm32f1xx_hal_tim.o(i.TIM_TI1_ConfigInputStage)
    TIM_TI1_ConfigInputStage                 0x0800888d   Thumb Code    34  stm32f1xx_hal_tim.o(i.TIM_TI1_ConfigInputStage)
    i.TIM_TI2_ConfigInputStage               0x080088ae   Section        0  stm32f1xx_hal_tim.o(i.TIM_TI2_ConfigInputStage)
    TIM_TI2_ConfigInputStage                 0x080088af   Thumb Code    36  stm32f1xx_hal_tim.o(i.TIM_TI2_ConfigInputStage)
    i.Test_Arc                               0x080088d4   Section        0  main.o(i.Test_Arc)
    i.Test_Opto                              0x08008f20   Section        0  main.o(i.Test_Opto)
    i.Time                                   0x080093e0   Section        0  main.o(i.Time)
    i.UART_DMAAbortOnError                   0x0800942c   Section        0  stm32f1xx_hal_uart.o(i.UART_DMAAbortOnError)
    UART_DMAAbortOnError                     0x0800942d   Thumb Code    16  stm32f1xx_hal_uart.o(i.UART_DMAAbortOnError)
    i.UART_EndRxTransfer                     0x0800943c   Section        0  stm32f1xx_hal_uart.o(i.UART_EndRxTransfer)
    UART_EndRxTransfer                       0x0800943d   Thumb Code    28  stm32f1xx_hal_uart.o(i.UART_EndRxTransfer)
    i.UART_Receive_IT                        0x08009458   Section        0  stm32f1xx_hal_uart.o(i.UART_Receive_IT)
    UART_Receive_IT                          0x08009459   Thumb Code   150  stm32f1xx_hal_uart.o(i.UART_Receive_IT)
    i.UART_SetConfig                         0x080094f0   Section        0  stm32f1xx_hal_uart.o(i.UART_SetConfig)
    UART_SetConfig                           0x080094f1   Thumb Code   364  stm32f1xx_hal_uart.o(i.UART_SetConfig)
    i.UART_Transmit_IT                       0x08009660   Section        0  stm32f1xx_hal_uart.o(i.UART_Transmit_IT)
    UART_Transmit_IT                         0x08009661   Thumb Code    98  stm32f1xx_hal_uart.o(i.UART_Transmit_IT)
    i.UART_WaitOnFlagUntilTimeout            0x080096c2   Section        0  stm32f1xx_hal_uart.o(i.UART_WaitOnFlagUntilTimeout)
    UART_WaitOnFlagUntilTimeout              0x080096c3   Thumb Code   100  stm32f1xx_hal_uart.o(i.UART_WaitOnFlagUntilTimeout)
    i.USART1_IRQHandler                      0x08009728   Section        0  stm32f1xx_it.o(i.USART1_IRQHandler)
    i.UsageFault_Handler                     0x08009780   Section        0  stm32f1xx_it.o(i.UsageFault_Handler)
    i._Error_Handler                         0x08009782   Section        0  main.o(i._Error_Handler)
    i.__scatterload_copy                     0x08009784   Section       14  handlers.o(i.__scatterload_copy)
    i.__scatterload_null                     0x08009792   Section        2  handlers.o(i.__scatterload_null)
    i.__scatterload_zeroinit                 0x08009794   Section       14  handlers.o(i.__scatterload_zeroinit)
    i.checkBoot                              0x080097a4   Section        0  main.o(i.checkBoot)
    i.eMBEnable                              0x08009804   Section        0  mb.o(i.eMBEnable)
    i.eMBFuncReadCoils                       0x08009824   Section        0  mbfunccoils.o(i.eMBFuncReadCoils)
    i.eMBFuncReadDiscreteInputs              0x08009896   Section        0  mbfuncdisc.o(i.eMBFuncReadDiscreteInputs)
    i.eMBFuncReadHoldingRegister             0x08009908   Section        0  mbfuncholding.o(i.eMBFuncReadHoldingRegister)
    i.eMBFuncReadInputRegister               0x0800996c   Section        0  mbfuncinput.o(i.eMBFuncReadInputRegister)
    i.eMBFuncReadWriteMultipleHoldingRegister 0x080099ce   Section        0  mbfuncholding.o(i.eMBFuncReadWriteMultipleHoldingRegister)
    i.eMBFuncReportSlaveID                   0x08009a6c   Section        0  mbfuncother.o(i.eMBFuncReportSlaveID)
    i.eMBFuncWriteCoil                       0x08009a90   Section        0  mbfunccoils.o(i.eMBFuncWriteCoil)
    i.eMBFuncWriteHoldingRegister            0x08009ae6   Section        0  mbfuncholding.o(i.eMBFuncWriteHoldingRegister)
    i.eMBFuncWriteMultipleCoils              0x08009b18   Section        0  mbfunccoils.o(i.eMBFuncWriteMultipleCoils)
    i.eMBFuncWriteMultipleHoldingRegister    0x08009b7c   Section        0  mbfuncholding.o(i.eMBFuncWriteMultipleHoldingRegister)
    i.eMBInit                                0x08009bcc   Section        0  mb.o(i.eMBInit)
    i.eMBPoll                                0x08009c4c   Section        0  mb.o(i.eMBPoll)
    i.eMBRTUInit                             0x08009cfc   Section        0  mbrtu.o(i.eMBRTUInit)
    i.eMBRTUReceive                          0x08009d48   Section        0  mbrtu.o(i.eMBRTUReceive)
    i.eMBRTUSend                             0x08009d94   Section        0  mbrtu.o(i.eMBRTUSend)
    i.eMBRTUStart                            0x08009e00   Section        0  mbrtu.o(i.eMBRTUStart)
    i.eMBRTUStop                             0x08009e24   Section        0  mbrtu.o(i.eMBRTUStop)
    i.eMBRegCoilsCB                          0x08009e40   Section        0  user_mb_app.o(i.eMBRegCoilsCB)
    i.eMBRegDiscreteCB                       0x08009ee0   Section        0  user_mb_app.o(i.eMBRegDiscreteCB)
    i.eMBRegHoldingCB                        0x08009f54   Section        0  user_mb_app.o(i.eMBRegHoldingCB)
    i.eMBRegInputCB                          0x08009fc8   Section        0  user_mb_app.o(i.eMBRegInputCB)
    i.main                                   0x0800a014   Section        0  main.o(i.main)
    i.prveMBError2Exception                  0x0800a870   Section        0  mbutils.o(i.prveMBError2Exception)
    i.readRTC                                0x0800a888   Section        0  main.o(i.readRTC)
    i.setRTC                                 0x0800a8e0   Section        0  main.o(i.setRTC)
    i.usMBCRC16                              0x0800a91c   Section        0  mbcrc.o(i.usMBCRC16)
    i.vMBPortSerialEnable                    0x0800a948   Section        0  portserial.o(i.vMBPortSerialEnable)
    i.vMBPortTimersDisable                   0x0800a99c   Section        0  porttimer.o(i.vMBPortTimersDisable)
    i.vMBPortTimersEnable                    0x0800a9a8   Section        0  porttimer.o(i.vMBPortTimersEnable)
    i.xMBPortEventGet                        0x0800a9c0   Section        0  portevent.o(i.xMBPortEventGet)
    i.xMBPortEventInit                       0x0800a9dc   Section        0  portevent.o(i.xMBPortEventInit)
    i.xMBPortEventPost                       0x0800a9ec   Section        0  portevent.o(i.xMBPortEventPost)
    i.xMBPortSerialGetByte                   0x0800a9fc   Section        0  portserial.o(i.xMBPortSerialGetByte)
    i.xMBPortSerialInit                      0x0800aa38   Section        0  portserial.o(i.xMBPortSerialInit)
    i.xMBPortSerialPutByte                   0x0800aa3c   Section        0  portserial.o(i.xMBPortSerialPutByte)
    i.xMBPortTimersInit                      0x0800aa58   Section        0  porttimer.o(i.xMBPortTimersInit)
    i.xMBRTUReceiveFSM                       0x0800aacc   Section        0  mbrtu.o(i.xMBRTUReceiveFSM)
    i.xMBRTUTimerT35Expired                  0x0800ab2c   Section        0  mbrtu.o(i.xMBRTUTimerT35Expired)
    i.xMBRTUTransmitFSM                      0x0800ab54   Section        0  mbrtu.o(i.xMBRTUTransmitFSM)
    i.xMBUtilGetBits                         0x0800aba4   Section        0  mbutils.o(i.xMBUtilGetBits)
    i.xMBUtilSetBits                         0x0800abc6   Section        0  mbutils.o(i.xMBUtilSetBits)
    .constdata                               0x0800abf0   Section      512  mbcrc.o(.constdata)
    aucCRCHi                                 0x0800abf0   Data         256  mbcrc.o(.constdata)
    aucCRCLo                                 0x0800acf0   Data         256  mbcrc.o(.constdata)
    .constdata                               0x0800adf0   Section       16  system_stm32f1xx.o(.constdata)
    .constdata                               0x0800ae00   Section        8  system_stm32f1xx.o(.constdata)
    .data                                    0x20000000   Section      496  main.o(.data)
    .data                                    0x200001f0   Section        2  main.o(.data)
    .data                                    0x200001f2   Section       18  user_mb_app.o(.data)
    .data                                    0x20000204   Section        2  portevent.o(.data)
    eQueuedEvent                             0x20000204   Data           1  portevent.o(.data)
    xEventInQueue                            0x20000205   Data           1  portevent.o(.data)
    .data                                    0x20000208   Section      172  mb.o(.data)
    eMBState                                 0x20000208   Data           1  mb.o(.data)
    ucRcvAddress                             0x20000209   Data           1  mb.o(.data)
    ucFunctionCode                           0x2000020a   Data           1  mb.o(.data)
    eException                               0x2000020b   Data           1  mb.o(.data)
    ucMBAddress                              0x2000020c   Data           1  mb.o(.data)
    eMBCurrentMode                           0x2000020d   Data           1  mb.o(.data)
    usLength                                 0x2000020e   Data           2  mb.o(.data)
    ucMBFrame                                0x20000210   Data           4  mb.o(.data)
    peMBFrameSendCur                         0x20000214   Data           4  mb.o(.data)
    pvMBFrameStartCur                        0x20000218   Data           4  mb.o(.data)
    pvMBFrameStopCur                         0x2000021c   Data           4  mb.o(.data)
    peMBFrameReceiveCur                      0x20000220   Data           4  mb.o(.data)
    pvMBFrameCloseCur                        0x20000224   Data           4  mb.o(.data)
    xFuncHandlers                            0x20000234   Data         128  mb.o(.data)
    .data                                    0x200002b4   Section       12  mbrtu.o(.data)
    eSndState                                0x200002b4   Data           1  mbrtu.o(.data)
    eRcvState                                0x200002b5   Data           1  mbrtu.o(.data)
    usSndBufferCount                         0x200002b6   Data           2  mbrtu.o(.data)
    usRcvBufferPos                           0x200002b8   Data           2  mbrtu.o(.data)
    pucSndBufferCur                          0x200002bc   Data           4  mbrtu.o(.data)
    .data                                    0x200002c0   Section        2  mbfuncother.o(.data)
    usMBSlaveIDLen                           0x200002c0   Data           2  mbfuncother.o(.data)
    .data                                    0x200002c4   Section       12  stm32f1xx_hal.o(.data)
    .data                                    0x200002d0   Section        4  system_stm32f1xx.o(.data)
    .bss                                     0x200002d4   Section      488  main.o(.bss)
    .bss                                     0x200004bc   Section       68  main.o(.bss)
    .bss                                     0x20000500   Section      820  user_mb_app.o(.bss)
    .bss                                     0x20000834   Section      256  mbrtu.o(.bss)
    .bss                                     0x20000934   Section       32  mbfuncother.o(.bss)
    ucMBSlaveID                              0x20000934   Data          32  mbfuncother.o(.bss)
    STACK                                    0x20000958   Section    16384  startup_stm32f107xc.o(STACK)

    Global Symbols

    Symbol Name                              Value     Ov Type        Size  Object(Section)

    BuildAttributes$$THM_ISAv4$P$D$K$B$S$PE$A:L22UL41UL21$X:L11$S22US41US21$IEEE1$IW$USESV6$~STKCKD$USESV7$~SHL$OTIME$ROPI$EBA8$MICROLIB$REQ8$PRES8$EABIv2 0x00000000   Number         0  anon$$obj.o ABSOLUTE
    __ARM_use_no_argv                        0x00000000   Number         0  main.o ABSOLUTE
    __cpp_initialize__aeabi_                  - Undefined Weak Reference
    __cxa_finalize                            - Undefined Weak Reference
    _clock_init                               - Undefined Weak Reference
    _microlib_exit                            - Undefined Weak Reference
    __Vectors_Size                           0x00000150   Number         0  startup_stm32f107xc.o ABSOLUTE
    __Vectors                                0x08004000   Data           4  startup_stm32f107xc.o(RESET)
    __Vectors_End                            0x08004150   Data           0  startup_stm32f107xc.o(RESET)
    __main                                   0x08004151   Thumb Code     0  entry.o(.ARM.Collect$$$$00000000)
    _main_stk                                0x08004151   Thumb Code     0  entry2.o(.ARM.Collect$$$$00000001)
    _main_scatterload                        0x08004155   Thumb Code     0  entry5.o(.ARM.Collect$$$$00000004)
    __main_after_scatterload                 0x08004159   Thumb Code     0  entry5.o(.ARM.Collect$$$$00000004)
    _main_clock                              0x08004159   Thumb Code     0  entry7b.o(.ARM.Collect$$$$00000008)
    _main_cpp_init                           0x08004159   Thumb Code     0  entry8b.o(.ARM.Collect$$$$0000000A)
    _main_init                               0x08004159   Thumb Code     0  entry9a.o(.ARM.Collect$$$$0000000B)
    __rt_final_cpp                           0x08004161   Thumb Code     0  entry10a.o(.ARM.Collect$$$$0000000D)
    __rt_final_exit                          0x08004161   Thumb Code     0  entry11a.o(.ARM.Collect$$$$0000000F)
    Reset_Handler                            0x08004165   Thumb Code     8  startup_stm32f107xc.o(.text)
    ADC1_2_IRQHandler                        0x0800417f   Thumb Code     0  startup_stm32f107xc.o(.text)
    CAN1_RX0_IRQHandler                      0x0800417f   Thumb Code     0  startup_stm32f107xc.o(.text)
    CAN1_RX1_IRQHandler                      0x0800417f   Thumb Code     0  startup_stm32f107xc.o(.text)
    CAN1_SCE_IRQHandler                      0x0800417f   Thumb Code     0  startup_stm32f107xc.o(.text)
    CAN1_TX_IRQHandler                       0x0800417f   Thumb Code     0  startup_stm32f107xc.o(.text)
    CAN2_RX0_IRQHandler                      0x0800417f   Thumb Code     0  startup_stm32f107xc.o(.text)
    CAN2_RX1_IRQHandler                      0x0800417f   Thumb Code     0  startup_stm32f107xc.o(.text)
    CAN2_SCE_IRQHandler                      0x0800417f   Thumb Code     0  startup_stm32f107xc.o(.text)
    CAN2_TX_IRQHandler                       0x0800417f   Thumb Code     0  startup_stm32f107xc.o(.text)
    DMA1_Channel2_IRQHandler                 0x0800417f   Thumb Code     0  startup_stm32f107xc.o(.text)
    DMA1_Channel3_IRQHandler                 0x0800417f   Thumb Code     0  startup_stm32f107xc.o(.text)
    DMA1_Channel4_IRQHandler                 0x0800417f   Thumb Code     0  startup_stm32f107xc.o(.text)
    DMA1_Channel5_IRQHandler                 0x0800417f   Thumb Code     0  startup_stm32f107xc.o(.text)
    DMA1_Channel6_IRQHandler                 0x0800417f   Thumb Code     0  startup_stm32f107xc.o(.text)
    DMA1_Channel7_IRQHandler                 0x0800417f   Thumb Code     0  startup_stm32f107xc.o(.text)
    DMA2_Channel1_IRQHandler                 0x0800417f   Thumb Code     0  startup_stm32f107xc.o(.text)
    DMA2_Channel2_IRQHandler                 0x0800417f   Thumb Code     0  startup_stm32f107xc.o(.text)
    DMA2_Channel3_IRQHandler                 0x0800417f   Thumb Code     0  startup_stm32f107xc.o(.text)
    DMA2_Channel4_IRQHandler                 0x0800417f   Thumb Code     0  startup_stm32f107xc.o(.text)
    DMA2_Channel5_IRQHandler                 0x0800417f   Thumb Code     0  startup_stm32f107xc.o(.text)
    ETH_IRQHandler                           0x0800417f   Thumb Code     0  startup_stm32f107xc.o(.text)
    ETH_WKUP_IRQHandler                      0x0800417f   Thumb Code     0  startup_stm32f107xc.o(.text)
    EXTI0_IRQHandler                         0x0800417f   Thumb Code     0  startup_stm32f107xc.o(.text)
    EXTI15_10_IRQHandler                     0x0800417f   Thumb Code     0  startup_stm32f107xc.o(.text)
    EXTI1_IRQHandler                         0x0800417f   Thumb Code     0  startup_stm32f107xc.o(.text)
    EXTI2_IRQHandler                         0x0800417f   Thumb Code     0  startup_stm32f107xc.o(.text)
    EXTI3_IRQHandler                         0x0800417f   Thumb Code     0  startup_stm32f107xc.o(.text)
    EXTI4_IRQHandler                         0x0800417f   Thumb Code     0  startup_stm32f107xc.o(.text)
    EXTI9_5_IRQHandler                       0x0800417f   Thumb Code     0  startup_stm32f107xc.o(.text)
    FLASH_IRQHandler                         0x0800417f   Thumb Code     0  startup_stm32f107xc.o(.text)
    I2C2_ER_IRQHandler                       0x0800417f   Thumb Code     0  startup_stm32f107xc.o(.text)
    I2C2_EV_IRQHandler                       0x0800417f   Thumb Code     0  startup_stm32f107xc.o(.text)
    OTG_FS_IRQHandler                        0x0800417f   Thumb Code     0  startup_stm32f107xc.o(.text)
    OTG_FS_WKUP_IRQHandler                   0x0800417f   Thumb Code     0  startup_stm32f107xc.o(.text)
    PVD_IRQHandler                           0x0800417f   Thumb Code     0  startup_stm32f107xc.o(.text)
    RTC_Alarm_IRQHandler                     0x0800417f   Thumb Code     0  startup_stm32f107xc.o(.text)
    RTC_IRQHandler                           0x0800417f   Thumb Code     0  startup_stm32f107xc.o(.text)
    SPI1_IRQHandler                          0x0800417f   Thumb Code     0  startup_stm32f107xc.o(.text)
    SPI2_IRQHandler                          0x0800417f   Thumb Code     0  startup_stm32f107xc.o(.text)
    SPI3_IRQHandler                          0x0800417f   Thumb Code     0  startup_stm32f107xc.o(.text)
    TAMPER_IRQHandler                        0x0800417f   Thumb Code     0  startup_stm32f107xc.o(.text)
    TIM1_BRK_IRQHandler                      0x0800417f   Thumb Code     0  startup_stm32f107xc.o(.text)
    TIM1_CC_IRQHandler                       0x0800417f   Thumb Code     0  startup_stm32f107xc.o(.text)
    TIM1_TRG_COM_IRQHandler                  0x0800417f   Thumb Code     0  startup_stm32f107xc.o(.text)
    TIM1_UP_IRQHandler                       0x0800417f   Thumb Code     0  startup_stm32f107xc.o(.text)
    TIM2_IRQHandler                          0x0800417f   Thumb Code     0  startup_stm32f107xc.o(.text)
    TIM4_IRQHandler                          0x0800417f   Thumb Code     0  startup_stm32f107xc.o(.text)
    TIM5_IRQHandler                          0x0800417f   Thumb Code     0  startup_stm32f107xc.o(.text)
    UART4_IRQHandler                         0x0800417f   Thumb Code     0  startup_stm32f107xc.o(.text)
    UART5_IRQHandler                         0x0800417f   Thumb Code     0  startup_stm32f107xc.o(.text)
    USART2_IRQHandler                        0x0800417f   Thumb Code     0  startup_stm32f107xc.o(.text)
    USART3_IRQHandler                        0x0800417f   Thumb Code     0  startup_stm32f107xc.o(.text)
    WWDG_IRQHandler                          0x0800417f   Thumb Code     0  startup_stm32f107xc.o(.text)
    __aeabi_uldivmod                         0x08004189   Thumb Code    98  uldiv.o(.text)
    __aeabi_llsr                             0x080041eb   Thumb Code    32  llushr.o(.text)
    _ll_ushift_r                             0x080041eb   Thumb Code     0  llushr.o(.text)
    __aeabi_memcpy                           0x0800420b   Thumb Code    36  memcpya.o(.text)
    __aeabi_memcpy4                          0x0800420b   Thumb Code     0  memcpya.o(.text)
    __aeabi_memcpy8                          0x0800420b   Thumb Code     0  memcpya.o(.text)
    __aeabi_memset                           0x0800422f   Thumb Code    14  memseta.o(.text)
    __aeabi_memset4                          0x0800422f   Thumb Code     0  memseta.o(.text)
    __aeabi_memset8                          0x0800422f   Thumb Code     0  memseta.o(.text)
    __aeabi_memclr                           0x0800423d   Thumb Code     4  memseta.o(.text)
    __aeabi_memclr4                          0x0800423d   Thumb Code     0  memseta.o(.text)
    __aeabi_memclr8                          0x0800423d   Thumb Code     0  memseta.o(.text)
    _memset$wrapper                          0x08004241   Thumb Code    18  memseta.o(.text)
    __aeabi_i2f                              0x08004253   Thumb Code    18  fflti.o(.text)
    __aeabi_ui2f                             0x08004265   Thumb Code    10  ffltui.o(.text)
    __aeabi_f2uiz                            0x0800426f   Thumb Code    40  ffixui.o(.text)
    __aeabi_llsl                             0x08004297   Thumb Code    30  llshl.o(.text)
    _ll_shift_l                              0x08004297   Thumb Code     0  llshl.o(.text)
    __I$use$fp                               0x080042b5   Thumb Code     0  iusefp.o(.text)
    _float_round                             0x080042b5   Thumb Code    18  fepilogue.o(.text)
    _float_epilogue                          0x080042c7   Thumb Code    92  fepilogue.o(.text)
    __scatterload                            0x08004325   Thumb Code    28  init.o(.text)
    __scatterload_rt2                        0x08004325   Thumb Code     0  init.o(.text)
    __decompress                             0x08004349   Thumb Code     0  __dczerorl2.o(.text)
    __decompress1                            0x08004349   Thumb Code    86  __dczerorl2.o(.text)
    ADC_ConversionStop_Disable               0x080043a1   Thumb Code    76  stm32f1xx_hal_adc.o(i.ADC_ConversionStop_Disable)
    ADC_DMAConvCplt                          0x080043ed   Thumb Code    78  stm32f1xx_hal_adc.o(i.ADC_DMAConvCplt)
    ADC_DMAError                             0x0800443b   Thumb Code    26  stm32f1xx_hal_adc.o(i.ADC_DMAError)
    ADC_DMAHalfConvCplt                      0x08004455   Thumb Code    10  stm32f1xx_hal_adc.o(i.ADC_DMAHalfConvCplt)
    ADC_Enable                               0x08004461   Thumb Code   104  stm32f1xx_hal_adc.o(i.ADC_Enable)
    BusFault_Handler                         0x080044d1   Thumb Code     2  stm32f1xx_it.o(i.BusFault_Handler)
    DMA1_Channel1_IRQHandler                 0x080044d5   Thumb Code     6  stm32f1xx_it.o(i.DMA1_Channel1_IRQHandler)
    DebugMon_Handler                         0x0800450b   Thumb Code     2  stm32f1xx_it.o(i.DebugMon_Handler)
    Disc_current                             0x0800450d   Thumb Code   584  main.o(i.Disc_current)
    EnterCriticalSection                     0x08004779   Thumb Code     4  port.o(i.EnterCriticalSection)
    ExitCriticalSection                      0x0800477d   Thumb Code     4  port.o(i.ExitCriticalSection)
    HAL_ADCEx_Calibration_Start              0x08004781   Thumb Code   194  stm32f1xx_hal_adc_ex.o(i.HAL_ADCEx_Calibration_Start)
    HAL_ADC_ConfigChannel                    0x08004849   Thumb Code   240  stm32f1xx_hal_adc.o(i.HAL_ADC_ConfigChannel)
    HAL_ADC_ConvCpltCallback                 0x08004945   Thumb Code   144  main.o(i.HAL_ADC_ConvCpltCallback)
    HAL_ADC_ConvHalfCpltCallback             0x080049e9   Thumb Code     2  stm32f1xx_hal_adc.o(i.HAL_ADC_ConvHalfCpltCallback)
    HAL_ADC_ErrorCallback                    0x080049eb   Thumb Code     2  stm32f1xx_hal_adc.o(i.HAL_ADC_ErrorCallback)
    HAL_ADC_Init                             0x080049ed   Thumb Code   272  stm32f1xx_hal_adc.o(i.HAL_ADC_Init)
    HAL_ADC_MspInit                          0x08004b09   Thumb Code   100  stm32f1xx_hal_msp.o(i.HAL_ADC_MspInit)
    HAL_ADC_Start_DMA                        0x08004b9d   Thumb Code   246  stm32f1xx_hal_adc.o(i.HAL_ADC_Start_DMA)
    HAL_ADC_Stop_DMA                         0x08004ca9   Thumb Code    76  stm32f1xx_hal_adc.o(i.HAL_ADC_Stop_DMA)
    HAL_DMA_Abort                            0x08004cf5   Thumb Code    48  stm32f1xx_hal_dma.o(i.HAL_DMA_Abort)
    HAL_DMA_Abort_IT                         0x08004d25   Thumb Code   296  stm32f1xx_hal_dma.o(i.HAL_DMA_Abort_IT)
    HAL_DMA_IRQHandler                       0x08004e55   Thumb Code   552  stm32f1xx_hal_dma.o(i.HAL_DMA_IRQHandler)
    HAL_DMA_Init                             0x0800509d   Thumb Code   120  stm32f1xx_hal_dma.o(i.HAL_DMA_Init)
    HAL_DMA_Start_IT                         0x08005121   Thumb Code   112  stm32f1xx_hal_dma.o(i.HAL_DMA_Start_IT)
    HAL_GPIO_Init                            0x08005191   Thumb Code   408  stm32f1xx_hal_gpio.o(i.HAL_GPIO_Init)
    HAL_GPIO_ReadPin                         0x0800534d   Thumb Code    10  stm32f1xx_hal_gpio.o(i.HAL_GPIO_ReadPin)
    HAL_GPIO_TogglePin                       0x08005357   Thumb Code     8  stm32f1xx_hal_gpio.o(i.HAL_GPIO_TogglePin)
    HAL_GPIO_WritePin                        0x0800535f   Thumb Code    10  stm32f1xx_hal_gpio.o(i.HAL_GPIO_WritePin)
    HAL_GetTick                              0x08005369   Thumb Code     6  stm32f1xx_hal.o(i.HAL_GetTick)
    HAL_I2C_AbortCpltCallback                0x08005375   Thumb Code     2  stm32f1xx_hal_i2c.o(i.HAL_I2C_AbortCpltCallback)
    HAL_I2C_AddrCallback                     0x08005377   Thumb Code     2  stm32f1xx_hal_i2c.o(i.HAL_I2C_AddrCallback)
    HAL_I2C_ER_IRQHandler                    0x08005379   Thumb Code   202  stm32f1xx_hal_i2c.o(i.HAL_I2C_ER_IRQHandler)
    HAL_I2C_EV_IRQHandler                    0x08005449   Thumb Code   486  stm32f1xx_hal_i2c.o(i.HAL_I2C_EV_IRQHandler)
    HAL_I2C_ErrorCallback                    0x08005639   Thumb Code     2  stm32f1xx_hal_i2c.o(i.HAL_I2C_ErrorCallback)
    HAL_I2C_Init                             0x0800563d   Thumb Code   302  stm32f1xx_hal_i2c.o(i.HAL_I2C_Init)
    HAL_I2C_IsDeviceReady                    0x0800577d   Thumb Code   344  stm32f1xx_hal_i2c.o(i.HAL_I2C_IsDeviceReady)
    HAL_I2C_ListenCpltCallback               0x080058dd   Thumb Code     2  stm32f1xx_hal_i2c.o(i.HAL_I2C_ListenCpltCallback)
    HAL_I2C_MasterRxCpltCallback             0x080058df   Thumb Code     2  stm32f1xx_hal_i2c.o(i.HAL_I2C_MasterRxCpltCallback)
    HAL_I2C_MasterTxCpltCallback             0x080058e1   Thumb Code     2  stm32f1xx_hal_i2c.o(i.HAL_I2C_MasterTxCpltCallback)
    HAL_I2C_MemRxCpltCallback                0x080058e3   Thumb Code     2  stm32f1xx_hal_i2c.o(i.HAL_I2C_MemRxCpltCallback)
    HAL_I2C_MemTxCpltCallback                0x080058e5   Thumb Code     2  stm32f1xx_hal_i2c.o(i.HAL_I2C_MemTxCpltCallback)
    HAL_I2C_Mem_Read                         0x080058e9   Thumb Code   530  stm32f1xx_hal_i2c.o(i.HAL_I2C_Mem_Read)
    HAL_I2C_Mem_Write                        0x08005b09   Thumb Code   306  stm32f1xx_hal_i2c.o(i.HAL_I2C_Mem_Write)
    HAL_I2C_MspInit                          0x08005c45   Thumb Code   102  stm32f1xx_hal_msp.o(i.HAL_I2C_MspInit)
    HAL_I2C_SlaveRxCpltCallback              0x08005cbd   Thumb Code     2  stm32f1xx_hal_i2c.o(i.HAL_I2C_SlaveRxCpltCallback)
    HAL_I2C_SlaveTxCpltCallback              0x08005cbf   Thumb Code     2  stm32f1xx_hal_i2c.o(i.HAL_I2C_SlaveTxCpltCallback)
    HAL_IncTick                              0x08005cc1   Thumb Code    12  stm32f1xx_hal.o(i.HAL_IncTick)
    HAL_Init                                 0x08005cd1   Thumb Code    32  stm32f1xx_hal.o(i.HAL_Init)
    HAL_InitTick                             0x08005cf5   Thumb Code    54  stm32f1xx_hal.o(i.HAL_InitTick)
    HAL_MspInit                              0x08005d35   Thumb Code   130  stm32f1xx_hal_msp.o(i.HAL_MspInit)
    HAL_NVIC_EnableIRQ                       0x08005dc1   Thumb Code    22  stm32f1xx_hal_cortex.o(i.HAL_NVIC_EnableIRQ)
    HAL_NVIC_SetPriority                     0x08005dd9   Thumb Code    60  stm32f1xx_hal_cortex.o(i.HAL_NVIC_SetPriority)
    HAL_NVIC_SetPriorityGrouping             0x08005e19   Thumb Code    26  stm32f1xx_hal_cortex.o(i.HAL_NVIC_SetPriorityGrouping)
    HAL_NVIC_SystemReset                     0x08005e3d   Thumb Code    26  stm32f1xx_hal_cortex.o(i.HAL_NVIC_SystemReset)
    HAL_PWR_EnableBkUpAccess                 0x08005e61   Thumb Code     8  stm32f1xx_hal_pwr.o(i.HAL_PWR_EnableBkUpAccess)
    HAL_RCCEx_GetPeriphCLKFreq               0x08005e6d   Thumb Code   268  stm32f1xx_hal_rcc_ex.o(i.HAL_RCCEx_GetPeriphCLKFreq)
    HAL_RCCEx_PeriphCLKConfig                0x08005fa9   Thumb Code   374  stm32f1xx_hal_rcc_ex.o(i.HAL_RCCEx_PeriphCLKConfig)
    HAL_RCC_ClockConfig                      0x08006131   Thumb Code   322  stm32f1xx_hal_rcc.o(i.HAL_RCC_ClockConfig)
    HAL_RCC_GetHCLKFreq                      0x08006285   Thumb Code     6  stm32f1xx_hal_rcc.o(i.HAL_RCC_GetHCLKFreq)
    HAL_RCC_GetPCLK1Freq                     0x08006291   Thumb Code    20  stm32f1xx_hal_rcc.o(i.HAL_RCC_GetPCLK1Freq)
    HAL_RCC_GetPCLK2Freq                     0x080062b1   Thumb Code    20  stm32f1xx_hal_rcc.o(i.HAL_RCC_GetPCLK2Freq)
    HAL_RCC_GetSysClockFreq                  0x080062d1   Thumb Code   148  stm32f1xx_hal_rcc.o(i.HAL_RCC_GetSysClockFreq)
    HAL_RCC_OscConfig                        0x08006395   Thumb Code   946  stm32f1xx_hal_rcc.o(i.HAL_RCC_OscConfig)
    HAL_RTCEx_BKUPRead                       0x0800675d   Thumb Code    10  stm32f1xx_hal_rtc_ex.o(i.HAL_RTCEx_BKUPRead)
    HAL_RTC_GetDate                          0x0800676d   Thumb Code    78  stm32f1xx_hal_rtc.o(i.HAL_RTC_GetDate)
    HAL_RTC_GetTime                          0x080067bb   Thumb Code   216  stm32f1xx_hal_rtc.o(i.HAL_RTC_GetTime)
    HAL_RTC_Init                             0x08006895   Thumb Code   154  stm32f1xx_hal_rtc.o(i.HAL_RTC_Init)
    HAL_RTC_MspInit                          0x08006935   Thumb Code    40  stm32f1xx_hal_msp.o(i.HAL_RTC_MspInit)
    HAL_RTC_SetDate                          0x08006969   Thumb Code   192  stm32f1xx_hal_rtc.o(i.HAL_RTC_SetDate)
    HAL_RTC_SetTime                          0x08006a2d   Thumb Code   168  stm32f1xx_hal_rtc.o(i.HAL_RTC_SetTime)
    HAL_RTC_WaitForSynchro                   0x08006ad9   Thumb Code    58  stm32f1xx_hal_rtc.o(i.HAL_RTC_WaitForSynchro)
    HAL_SYSTICK_CLKSourceConfig              0x08006b13   Thumb Code    24  stm32f1xx_hal_cortex.o(i.HAL_SYSTICK_CLKSourceConfig)
    HAL_SYSTICK_Callback                     0x08006b2b   Thumb Code     4  irq_callback.o(i.HAL_SYSTICK_Callback)
    HAL_SYSTICK_Config                       0x08006b2f   Thumb Code    40  stm32f1xx_hal_cortex.o(i.HAL_SYSTICK_Config)
    HAL_SYSTICK_IRQHandler                   0x08006b57   Thumb Code     8  stm32f1xx_hal_cortex.o(i.HAL_SYSTICK_IRQHandler)
    HAL_TIMEx_BreakCallback                  0x08006b5f   Thumb Code     2  stm32f1xx_hal_tim_ex.o(i.HAL_TIMEx_BreakCallback)
    HAL_TIMEx_CommutationCallback            0x08006b61   Thumb Code     2  stm32f1xx_hal_tim_ex.o(i.HAL_TIMEx_CommutationCallback)
    HAL_TIMEx_MasterConfigSynchronization    0x08006b63   Thumb Code    80  stm32f1xx_hal_tim_ex.o(i.HAL_TIMEx_MasterConfigSynchronization)
    HAL_TIM_Base_Init                        0x08006bb3   Thumb Code    54  stm32f1xx_hal_tim.o(i.HAL_TIM_Base_Init)
    HAL_TIM_Base_MspInit                     0x08006be9   Thumb Code   122  stm32f1xx_hal_msp.o(i.HAL_TIM_Base_MspInit)
    HAL_TIM_Base_Start_IT                    0x08006c75   Thumb Code    24  stm32f1xx_hal_tim.o(i.HAL_TIM_Base_Start_IT)
    HAL_TIM_Base_Stop_IT                     0x08006c8d   Thumb Code    42  stm32f1xx_hal_tim.o(i.HAL_TIM_Base_Stop_IT)
    HAL_TIM_ConfigClockSource                0x08006cb7   Thumb Code   242  stm32f1xx_hal_tim.o(i.HAL_TIM_ConfigClockSource)
    HAL_TIM_IC_CaptureCallback               0x08006da9   Thumb Code     2  stm32f1xx_hal_tim.o(i.HAL_TIM_IC_CaptureCallback)
    HAL_TIM_IRQHandler                       0x08006dab   Thumb Code   358  stm32f1xx_hal_tim.o(i.HAL_TIM_IRQHandler)
    HAL_TIM_OC_DelayElapsedCallback          0x08006f11   Thumb Code     2  stm32f1xx_hal_tim.o(i.HAL_TIM_OC_DelayElapsedCallback)
    HAL_TIM_PWM_PulseFinishedCallback        0x08006f13   Thumb Code     2  stm32f1xx_hal_tim.o(i.HAL_TIM_PWM_PulseFinishedCallback)
    HAL_TIM_PeriodElapsedCallback            0x08006f15   Thumb Code   296  main.o(i.HAL_TIM_PeriodElapsedCallback)
    HAL_TIM_TriggerCallback                  0x08007069   Thumb Code     2  stm32f1xx_hal_tim.o(i.HAL_TIM_TriggerCallback)
    HAL_UART_ErrorCallback                   0x0800706b   Thumb Code     2  stm32f1xx_hal_uart.o(i.HAL_UART_ErrorCallback)
    HAL_UART_IRQHandler                      0x0800706d   Thumb Code   266  stm32f1xx_hal_uart.o(i.HAL_UART_IRQHandler)
    HAL_UART_Init                            0x0800717d   Thumb Code    98  stm32f1xx_hal_uart.o(i.HAL_UART_Init)
    HAL_UART_MspInit                         0x080071e1   Thumb Code   104  stm32f1xx_hal_msp.o(i.HAL_UART_MspInit)
    HAL_UART_RxCpltCallback                  0x08007259   Thumb Code     2  stm32f1xx_hal_uart.o(i.HAL_UART_RxCpltCallback)
    HAL_UART_Transmit                        0x0800725b   Thumb Code   186  stm32f1xx_hal_uart.o(i.HAL_UART_Transmit)
    HAL_UART_TxCpltCallback                  0x08007315   Thumb Code     2  stm32f1xx_hal_uart.o(i.HAL_UART_TxCpltCallback)
    HardFault_Handler                        0x08007317   Thumb Code     2  stm32f1xx_it.o(i.HardFault_Handler)
    I2C1_ER_IRQHandler                       0x08007319   Thumb Code     6  stm32f1xx_it.o(i.I2C1_ER_IRQHandler)
    I2C1_EV_IRQHandler                       0x08007325   Thumb Code     6  stm32f1xx_it.o(i.I2C1_EV_IRQHandler)
    MemManage_Handler                        0x080080d9   Thumb Code     2  stm32f1xx_it.o(i.MemManage_Handler)
    NMI_Handler                              0x080080db   Thumb Code     2  stm32f1xx_it.o(i.NMI_Handler)
    PendSV_Handler                           0x080080fd   Thumb Code     2  stm32f1xx_it.o(i.PendSV_Handler)
    RCC_IRQHandler                           0x080080ff   Thumb Code     2  stm32f1xx_it.o(i.RCC_IRQHandler)
    Read_Memory                              0x08008319   Thumb Code   126  main.o(i.Read_Memory)
    Record                                   0x080083a5   Thumb Code   248  main.o(i.Record)
    Rules                                    0x080084a9   Thumb Code   506  main.o(i.Rules)
    SVC_Handler                              0x080086c5   Thumb Code     2  stm32f1xx_it.o(i.SVC_Handler)
    SysTick_Handler                          0x080086c7   Thumb Code    14  stm32f1xx_it.o(i.SysTick_Handler)
    SystemClock_Config                       0x080086d5   Thumb Code   154  main.o(i.SystemClock_Config)
    SystemInit                               0x08008775   Thumb Code    68  system_stm32f1xx.o(i.SystemInit)
    TIM3_IRQHandler                          0x080087c9   Thumb Code     6  stm32f1xx_it.o(i.TIM3_IRQHandler)
    TIM6_IRQHandler                          0x080087d5   Thumb Code     6  stm32f1xx_it.o(i.TIM6_IRQHandler)
    TIM7_IRQHandler                          0x080087e1   Thumb Code     6  stm32f1xx_it.o(i.TIM7_IRQHandler)
    TIM_Base_SetConfig                       0x080087ed   Thumb Code   106  stm32f1xx_hal_tim.o(i.TIM_Base_SetConfig)
    Test_Arc                                 0x080088d5   Thumb Code  1600  main.o(i.Test_Arc)
    Test_Opto                                0x08008f21   Thumb Code  1210  main.o(i.Test_Opto)
    Time                                     0x080093e1   Thumb Code    66  main.o(i.Time)
    USART1_IRQHandler                        0x08009729   Thumb Code    74  stm32f1xx_it.o(i.USART1_IRQHandler)
    UsageFault_Handler                       0x08009781   Thumb Code     2  stm32f1xx_it.o(i.UsageFault_Handler)
    _Error_Handler                           0x08009783   Thumb Code     2  main.o(i._Error_Handler)
    __scatterload_copy                       0x08009785   Thumb Code    14  handlers.o(i.__scatterload_copy)
    __scatterload_null                       0x08009793   Thumb Code     2  handlers.o(i.__scatterload_null)
    __scatterload_zeroinit                   0x08009795   Thumb Code    14  handlers.o(i.__scatterload_zeroinit)
    checkBoot                                0x080097a5   Thumb Code    80  main.o(i.checkBoot)
    eMBEnable                                0x08009805   Thumb Code    28  mb.o(i.eMBEnable)
    eMBFuncReadCoils                         0x08009825   Thumb Code   114  mbfunccoils.o(i.eMBFuncReadCoils)
    eMBFuncReadDiscreteInputs                0x08009897   Thumb Code   114  mbfuncdisc.o(i.eMBFuncReadDiscreteInputs)
    eMBFuncReadHoldingRegister               0x08009909   Thumb Code   100  mbfuncholding.o(i.eMBFuncReadHoldingRegister)
    eMBFuncReadInputRegister                 0x0800996d   Thumb Code    98  mbfuncinput.o(i.eMBFuncReadInputRegister)
    eMBFuncReadWriteMultipleHoldingRegister  0x080099cf   Thumb Code   156  mbfuncholding.o(i.eMBFuncReadWriteMultipleHoldingRegister)
    eMBFuncReportSlaveID                     0x08009a6d   Thumb Code    26  mbfuncother.o(i.eMBFuncReportSlaveID)
    eMBFuncWriteCoil                         0x08009a91   Thumb Code    86  mbfunccoils.o(i.eMBFuncWriteCoil)
    eMBFuncWriteHoldingRegister              0x08009ae7   Thumb Code    50  mbfuncholding.o(i.eMBFuncWriteHoldingRegister)
    eMBFuncWriteMultipleCoils                0x08009b19   Thumb Code   100  mbfunccoils.o(i.eMBFuncWriteMultipleCoils)
    eMBFuncWriteMultipleHoldingRegister      0x08009b7d   Thumb Code    78  mbfuncholding.o(i.eMBFuncWriteMultipleHoldingRegister)
    eMBInit                                  0x08009bcd   Thumb Code    96  mb.o(i.eMBInit)
    eMBPoll                                  0x08009c4d   Thumb Code   172  mb.o(i.eMBPoll)
    eMBRTUInit                               0x08009cfd   Thumb Code    72  mbrtu.o(i.eMBRTUInit)
    eMBRTUReceive                            0x08009d49   Thumb Code    68  mbrtu.o(i.eMBRTUReceive)
    eMBRTUSend                               0x08009d95   Thumb Code    98  mbrtu.o(i.eMBRTUSend)
    eMBRTUStart                              0x08009e01   Thumb Code    32  mbrtu.o(i.eMBRTUStart)
    eMBRTUStop                               0x08009e25   Thumb Code    26  mbrtu.o(i.eMBRTUStop)
    eMBRegCoilsCB                            0x08009e41   Thumb Code   154  user_mb_app.o(i.eMBRegCoilsCB)
    eMBRegDiscreteCB                         0x08009ee1   Thumb Code   112  user_mb_app.o(i.eMBRegDiscreteCB)
    eMBRegHoldingCB                          0x08009f55   Thumb Code   108  user_mb_app.o(i.eMBRegHoldingCB)
    eMBRegInputCB                            0x08009fc9   Thumb Code    66  user_mb_app.o(i.eMBRegInputCB)
    main                                     0x0800a015   Thumb Code  2136  main.o(i.main)
    prveMBError2Exception                    0x0800a871   Thumb Code    24  mbutils.o(i.prveMBError2Exception)
    readRTC                                  0x0800a889   Thumb Code    76  main.o(i.readRTC)
    setRTC                                   0x0800a8e1   Thumb Code    52  main.o(i.setRTC)
    usMBCRC16                                0x0800a91d   Thumb Code    40  mbcrc.o(i.usMBCRC16)
    vMBPortSerialEnable                      0x0800a949   Thumb Code    76  portserial.o(i.vMBPortSerialEnable)
    vMBPortTimersDisable                     0x0800a99d   Thumb Code     6  porttimer.o(i.vMBPortTimersDisable)
    vMBPortTimersEnable                      0x0800a9a9   Thumb Code    20  porttimer.o(i.vMBPortTimersEnable)
    xMBPortEventGet                          0x0800a9c1   Thumb Code    24  portevent.o(i.xMBPortEventGet)
    xMBPortEventInit                         0x0800a9dd   Thumb Code    10  portevent.o(i.xMBPortEventInit)
    xMBPortEventPost                         0x0800a9ed   Thumb Code    12  portevent.o(i.xMBPortEventPost)
    xMBPortSerialGetByte                     0x0800a9fd   Thumb Code    48  portserial.o(i.xMBPortSerialGetByte)
    xMBPortSerialInit                        0x0800aa39   Thumb Code     4  portserial.o(i.xMBPortSerialInit)
    xMBPortSerialPutByte                     0x0800aa3d   Thumb Code    24  portserial.o(i.xMBPortSerialPutByte)
    xMBPortTimersInit                        0x0800aa59   Thumb Code    54  porttimer.o(i.xMBPortTimersInit)
    xMBRTUReceiveFSM                         0x0800aacd   Thumb Code    88  mbrtu.o(i.xMBRTUReceiveFSM)
    xMBRTUTimerT35Expired                    0x0800ab2d   Thumb Code    36  mbrtu.o(i.xMBRTUTimerT35Expired)
    xMBRTUTransmitFSM                        0x0800ab55   Thumb Code    76  mbrtu.o(i.xMBRTUTransmitFSM)
    xMBUtilGetBits                           0x0800aba5   Thumb Code    34  mbutils.o(i.xMBUtilGetBits)
    xMBUtilSetBits                           0x0800abc7   Thumb Code    42  mbutils.o(i.xMBUtilSetBits)
    AHBPrescTable                            0x0800adf0   Data          16  system_stm32f1xx.o(.constdata)
    APBPrescTable                            0x0800ae00   Data           8  system_stm32f1xx.o(.constdata)
    Region$$Table$$Base                      0x0800ae08   Number         0  anon$$obj.o(Region$$Table)
    Region$$Table$$Limit                     0x0800ae28   Number         0  anon$$obj.o(Region$$Table)
    devAddr                                  0x20000000   Data           2  main.o(.data)
    memaddress_of_the                        0x20000002   Data           2  main.o(.data)
    cnt15ms                                  0x20000004   Data           2  main.o(.data)
    Current_start_up                         0x20000006   Data           2  main.o(.data)
    memAddr                                  0x20000008   Data           2  main.o(.data)
    sTime                                    0x2000000a   Data           3  main.o(.data)
    reload                                   0x20000010   Data           4  main.o(.data)
    cnt                                      0x20000014   Data           4  main.o(.data)
    min_ok                                   0x20000018   Data           4  main.o(.data)
    light_without_current_1                  0x2000001c   Data           4  main.o(.data)
    light_without_current_2                  0x20000020   Data           4  main.o(.data)
    light_without_current_3                  0x20000024   Data           4  main.o(.data)
    P_T_1_1                                  0x20000028   Data           4  main.o(.data)
    P_T_2_1                                  0x2000002c   Data           4  main.o(.data)
    P_T_3_1                                  0x20000030   Data           4  main.o(.data)
    h                                        0x20000034   Data           4  main.o(.data)
    t                                        0x20000038   Data           4  main.o(.data)
    o                                        0x2000003c   Data           4  main.o(.data)
    Sr_1                                     0x20000040   Data           4  main.o(.data)
    Sr_2                                     0x20000044   Data           4  main.o(.data)
    Sr_3                                     0x20000048   Data           4  main.o(.data)
    S1                                       0x2000004c   Data           4  main.o(.data)
    ARC_test                                 0x20000050   Data           4  main.o(.data)
    variable                                 0x20000054   Data           4  main.o(.data)
    quantity                                 0x20000058   Data           4  main.o(.data)
    j                                        0x2000005c   Data           4  main.o(.data)
    Banning_exits                            0x20000060   Data           4  main.o(.data)
    Light_ADC_1                              0x20000064   Data           4  main.o(.data)
    Light_ADC_2                              0x20000068   Data           4  main.o(.data)
    Light_ADC_3                              0x2000006c   Data           4  main.o(.data)
    Night_ADC_1                              0x20000070   Data           4  main.o(.data)
    Night_ADC_2                              0x20000074   Data           4  main.o(.data)
    Night_ADC_3                              0x20000078   Data           4  main.o(.data)
    dark_1                                   0x2000007c   Data           4  main.o(.data)
    light_1                                  0x20000080   Data           4  main.o(.data)
    arc_1                                    0x20000084   Data           4  main.o(.data)
    dark_2                                   0x20000088   Data           4  main.o(.data)
    light_2                                  0x2000008c   Data           4  main.o(.data)
    arc_2                                    0x20000090   Data           4  main.o(.data)
    dark_3                                   0x20000094   Data           4  main.o(.data)
    light_3                                  0x20000098   Data           4  main.o(.data)
    arc_3                                    0x2000009c   Data           4  main.o(.data)
    light_out_1                              0x200000a0   Data           4  main.o(.data)
    light_out_2                              0x200000a4   Data           4  main.o(.data)
    light_out_3                              0x200000a8   Data           4  main.o(.data)
    darck_out_1                              0x200000ac   Data           4  main.o(.data)
    darck_out_2                              0x200000b0   Data           4  main.o(.data)
    darck_out_3                              0x200000b4   Data           4  main.o(.data)
    c                                        0x200000b8   Data           4  main.o(.data)
    Z1                                       0x200000bc   Data           4  main.o(.data)
    Z2                                       0x200000c0   Data           4  main.o(.data)
    Z3                                       0x200000c4   Data           4  main.o(.data)
    cnt40                                    0x200000c8   Data           4  main.o(.data)
    sDate                                    0x200000cc   Data           4  main.o(.data)
    processing_time1_1                       0x200000d0   Data           4  main.o(.data)
    processing_time2_1                       0x200000d4   Data           4  main.o(.data)
    processing_time3_1                       0x200000d8   Data           4  main.o(.data)
    reset                                    0x200000dc   Data           4  main.o(.data)
    cnt_1                                    0x200000e0   Data           4  main.o(.data)
    Opto_test                                0x200000e4   Data           4  main.o(.data)
    level_is_exceeded                        0x200000e8   Data           4  main.o(.data)
    cntReadRTC                               0x200000ec   Data           4  main.o(.data)
    i                                        0x200000f0   Data           4  main.o(.data)
    N                                        0x200000f4   Data           4  main.o(.data)
    reason                                   0x200000f8   Data           4  main.o(.data)
    malfunction_1                            0x200000fc   Data           4  main.o(.data)
    malfunction_2                            0x20000100   Data           4  main.o(.data)
    malfunction_3                            0x20000104   Data           4  main.o(.data)
    malfunction_4                            0x20000108   Data           4  main.o(.data)
    ARC_1                                    0x2000010c   Data           4  main.o(.data)
    ARC_2                                    0x20000110   Data           4  main.o(.data)
    ARC_3                                    0x20000114   Data           4  main.o(.data)
    Channel_1                                0x20000118   Data           4  main.o(.data)
    Channel_2                                0x2000011c   Data           4  main.o(.data)
    Channel_3                                0x20000120   Data           4  main.o(.data)
    Pipe_1_1                                 0x20000124   Data           4  main.o(.data)
    Pipe_1_2                                 0x20000128   Data           4  main.o(.data)
    Pipe_2_1                                 0x2000012c   Data           4  main.o(.data)
    Pipe_2_2                                 0x20000130   Data           4  main.o(.data)
    Pipe_3_1                                 0x20000134   Data           4  main.o(.data)
    Pipe_3_2                                 0x20000138   Data           4  main.o(.data)
    Pipe_1                                   0x2000013c   Data           4  main.o(.data)
    Pipe_2                                   0x20000140   Data           4  main.o(.data)
    Pipe_3                                   0x20000144   Data           4  main.o(.data)
    Pipe_4                                   0x20000148   Data           4  main.o(.data)
    Pipe_5                                   0x2000014c   Data           4  main.o(.data)
    Pipe_6                                   0x20000150   Data           4  main.o(.data)
    Transition_1_1                           0x20000154   Data           4  main.o(.data)
    Transition_1_2                           0x20000158   Data           4  main.o(.data)
    Transition_2_1                           0x2000015c   Data           4  main.o(.data)
    Transition_2_2                           0x20000160   Data           4  main.o(.data)
    Transition_3_1                           0x20000164   Data           4  main.o(.data)
    Transition_3_2                           0x20000168   Data           4  main.o(.data)
    Transition_1                             0x2000016c   Data           4  main.o(.data)
    Transition_2                             0x20000170   Data           4  main.o(.data)
    Transition_3                             0x20000174   Data           4  main.o(.data)
    Transition_5                             0x20000178   Data           4  main.o(.data)
    Transition_6                             0x2000017c   Data           4  main.o(.data)
    ADC_Test_1_1                             0x20000180   Data           4  main.o(.data)
    ADC_Test_1_2                             0x20000184   Data           4  main.o(.data)
    ADC_Test_2_1                             0x20000188   Data           4  main.o(.data)
    ADC_Test_2_2                             0x2000018c   Data           4  main.o(.data)
    ADC_Test_3_1                             0x20000190   Data           4  main.o(.data)
    ADC_Test_3_2                             0x20000194   Data           4  main.o(.data)
    Test_error_1                             0x20000198   Data           4  main.o(.data)
    Test_error_2                             0x2000019c   Data           4  main.o(.data)
    Test_error_3                             0x200001a0   Data           4  main.o(.data)
    Sensor_Disconection_1                    0x200001a4   Data           4  main.o(.data)
    Sensor_Disconection_2                    0x200001a8   Data           4  main.o(.data)
    Sensor_Disconection_3                    0x200001ac   Data           4  main.o(.data)
    ADC_1                                    0x200001b0   Data           4  main.o(.data)
    ADC_2                                    0x200001b4   Data           4  main.o(.data)
    ADC_3                                    0x200001b8   Data           4  main.o(.data)
    GP2                                      0x200001bc   Data           4  main.o(.data)
    GP3                                      0x200001c0   Data           4  main.o(.data)
    flash_1                                  0x200001c4   Data           4  main.o(.data)
    flash_2                                  0x200001c8   Data           4  main.o(.data)
    flash_3                                  0x200001cc   Data           4  main.o(.data)
    masBoot                                  0x200001d0   Data           7  main.o(.data)
    adc                                      0x200001d8   Data           8  main.o(.data)
    rtc                                      0x200001e0   Data           8  main.o(.data)
    address_of_the_last_element              0x200001e8   Data           8  main.o(.data)
    indexBoot                                0x200001f0   Data           2  main.o(.data)
    usSDiscInStart                           0x200001f2   Data           2  user_mb_app.o(.data)
    usSCoilStart                             0x200001f4   Data           2  user_mb_app.o(.data)
    usSRegInStart                            0x200001f6   Data           2  user_mb_app.o(.data)
    usSRegHoldStart                          0x200001f8   Data           2  user_mb_app.o(.data)
    ucSDiscInBuf                             0x200001fa   Data           2  user_mb_app.o(.data)
    ucSCoilBuf                               0x200001fc   Data           8  user_mb_app.o(.data)
    pxMBFrameCBByteReceived                  0x20000228   Data           4  mb.o(.data)
    pxMBFrameCBTransmitterEmpty              0x2000022c   Data           4  mb.o(.data)
    pxMBPortCBTimerExpired                   0x20000230   Data           4  mb.o(.data)
    uwTickFreq                               0x200002c4   Data           1  stm32f1xx_hal.o(.data)
    uwTickPrio                               0x200002c8   Data           4  stm32f1xx_hal.o(.data)
    uwTick                                   0x200002cc   Data           4  stm32f1xx_hal.o(.data)
    SystemCoreClock                          0x200002d0   Data           4  system_stm32f1xx.o(.data)
    value                                    0x200002d4   Data          16  main.o(.bss)
    Data                                     0x200002e4   Data          32  main.o(.bss)
    hadc1                                    0x20000304   Data          48  main.o(.bss)
    hi2c1                                    0x20000334   Data          84  main.o(.bss)
    hrtc                                     0x20000388   Data          20  main.o(.bss)
    htim3                                    0x2000039c   Data          64  main.o(.bss)
    htim6                                    0x200003dc   Data          64  main.o(.bss)
    htim7                                    0x2000041c   Data          64  main.o(.bss)
    huart1                                   0x2000045c   Data          64  main.o(.bss)
    Addres                                   0x2000049c   Data          32  main.o(.bss)
    hdma_adc1                                0x200004bc   Data          68  main.o(.bss)
    usSRegInBuf                              0x20000500   Data         200  user_mb_app.o(.bss)
    usSRegHoldBuf                            0x200005c8   Data         620  user_mb_app.o(.bss)
    ucRTUBuf                                 0x20000834   Data         256  mbrtu.o(.bss)
    __initial_sp                             0x20004958   Data           0  startup_stm32f107xc.o(STACK)



==============================================================================

Memory Map of the image

  Image Entry point : 0x08004151

  Load Region LR_IROM1 (Base: 0x08004000, Size: 0x000070fc, Max: 0x00040000, ABSOLUTE, COMPRESSED[0x00006e80])

    Execution Region ER_IROM1 (Exec base: 0x08004000, Load base: 0x08004000, Size: 0x00006e28, Max: 0x00040000, ABSOLUTE)

    Exec Addr    Load Addr    Size         Type   Attr      Idx    E Section Name        Object

    0x08004000   0x08004000   0x00000150   Data   RO            3    RESET               startup_stm32f107xc.o
    0x08004150   0x08004150   0x00000000   Code   RO         4353  * .ARM.Collect$$$$00000000  mc_w.l(entry.o)
    0x08004150   0x08004150   0x00000004   Code   RO         4372    .ARM.Collect$$$$00000001  mc_w.l(entry2.o)
    0x08004154   0x08004154   0x00000004   Code   RO         4375    .ARM.Collect$$$$00000004  mc_w.l(entry5.o)
    0x08004158   0x08004158   0x00000000   Code   RO         4377    .ARM.Collect$$$$00000008  mc_w.l(entry7b.o)
    0x08004158   0x08004158   0x00000000   Code   RO         4379    .ARM.Collect$$$$0000000A  mc_w.l(entry8b.o)
    0x08004158   0x08004158   0x00000008   Code   RO         4380    .ARM.Collect$$$$0000000B  mc_w.l(entry9a.o)
    0x08004160   0x08004160   0x00000000   Code   RO         4382    .ARM.Collect$$$$0000000D  mc_w.l(entry10a.o)
    0x08004160   0x08004160   0x00000000   Code   RO         4384    .ARM.Collect$$$$0000000F  mc_w.l(entry11a.o)
    0x08004160   0x08004160   0x00000004   Code   RO         4373    .ARM.Collect$$$$00002712  mc_w.l(entry2.o)
    0x08004164   0x08004164   0x00000024   Code   RO            4    .text               startup_stm32f107xc.o
    0x08004188   0x08004188   0x00000062   Code   RO         4356    .text               mc_w.l(uldiv.o)
    0x080041ea   0x080041ea   0x00000020   Code   RO         4358    .text               mc_w.l(llushr.o)
    0x0800420a   0x0800420a   0x00000024   Code   RO         4360    .text               mc_w.l(memcpya.o)
    0x0800422e   0x0800422e   0x00000024   Code   RO         4362    .text               mc_w.l(memseta.o)
    0x08004252   0x08004252   0x00000012   Code   RO         4366    .text               mf_w.l(fflti.o)
    0x08004264   0x08004264   0x0000000a   Code   RO         4368    .text               mf_w.l(ffltui.o)
    0x0800426e   0x0800426e   0x00000028   Code   RO         4370    .text               mf_w.l(ffixui.o)
    0x08004296   0x08004296   0x0000001e   Code   RO         4386    .text               mc_w.l(llshl.o)
    0x080042b4   0x080042b4   0x00000000   Code   RO         4388    .text               mc_w.l(iusefp.o)
    0x080042b4   0x080042b4   0x0000006e   Code   RO         4389    .text               mf_w.l(fepilogue.o)
    0x08004322   0x08004322   0x00000002   PAD
    0x08004324   0x08004324   0x00000024   Code   RO         4391    .text               mc_w.l(init.o)
    0x08004348   0x08004348   0x00000056   Code   RO         4401    .text               mc_w.l(__dczerorl2.o)
    0x0800439e   0x0800439e   0x00000002   PAD
    0x080043a0   0x080043a0   0x0000004c   Code   RO         1300    i.ADC_ConversionStop_Disable  stm32f1xx_hal_adc.o
    0x080043ec   0x080043ec   0x0000004e   Code   RO         1301    i.ADC_DMAConvCplt   stm32f1xx_hal_adc.o
    0x0800443a   0x0800443a   0x0000001a   Code   RO         1302    i.ADC_DMAError      stm32f1xx_hal_adc.o
    0x08004454   0x08004454   0x0000000a   Code   RO         1303    i.ADC_DMAHalfConvCplt  stm32f1xx_hal_adc.o
    0x0800445e   0x0800445e   0x00000002   PAD
    0x08004460   0x08004460   0x00000070   Code   RO         1304    i.ADC_Enable        stm32f1xx_hal_adc.o
    0x080044d0   0x080044d0   0x00000002   Code   RO           13    i.BusFault_Handler  stm32f1xx_it.o
    0x080044d2   0x080044d2   0x00000002   PAD
    0x080044d4   0x080044d4   0x0000000c   Code   RO           14    i.DMA1_Channel1_IRQHandler  stm32f1xx_it.o
    0x080044e0   0x080044e0   0x0000002a   Code   RO         1639    i.DMA_SetConfig     stm32f1xx_hal_dma.o
    0x0800450a   0x0800450a   0x00000002   Code   RO           15    i.DebugMon_Handler  stm32f1xx_it.o
    0x0800450c   0x0800450c   0x0000026c   Code   RO          341    i.Disc_current      main.o
    0x08004778   0x08004778   0x00000004   Code   RO          641    i.EnterCriticalSection  port.o
    0x0800477c   0x0800477c   0x00000004   Code   RO          642    i.ExitCriticalSection  port.o
    0x08004780   0x08004780   0x000000c8   Code   RO         3444    i.HAL_ADCEx_Calibration_Start  stm32f1xx_hal_adc_ex.o
    0x08004848   0x08004848   0x000000fc   Code   RO         1306    i.HAL_ADC_ConfigChannel  stm32f1xx_hal_adc.o
    0x08004944   0x08004944   0x000000a4   Code   RO          342    i.HAL_ADC_ConvCpltCallback  main.o
    0x080049e8   0x080049e8   0x00000002   Code   RO         1308    i.HAL_ADC_ConvHalfCpltCallback  stm32f1xx_hal_adc.o
    0x080049ea   0x080049ea   0x00000002   Code   RO         1310    i.HAL_ADC_ErrorCallback  stm32f1xx_hal_adc.o
    0x080049ec   0x080049ec   0x0000011c   Code   RO         1315    i.HAL_ADC_Init      stm32f1xx_hal_adc.o
    0x08004b08   0x08004b08   0x00000094   Code   RO          257    i.HAL_ADC_MspInit   stm32f1xx_hal_msp.o
    0x08004b9c   0x08004b9c   0x0000010c   Code   RO         1322    i.HAL_ADC_Start_DMA  stm32f1xx_hal_adc.o
    0x08004ca8   0x08004ca8   0x0000004c   Code   RO         1325    i.HAL_ADC_Stop_DMA  stm32f1xx_hal_adc.o
    0x08004cf4   0x08004cf4   0x00000030   Code   RO         1640    i.HAL_DMA_Abort     stm32f1xx_hal_dma.o
    0x08004d24   0x08004d24   0x00000130   Code   RO         1641    i.HAL_DMA_Abort_IT  stm32f1xx_hal_dma.o
    0x08004e54   0x08004e54   0x00000248   Code   RO         1645    i.HAL_DMA_IRQHandler  stm32f1xx_hal_dma.o
    0x0800509c   0x0800509c   0x00000084   Code   RO         1646    i.HAL_DMA_Init      stm32f1xx_hal_dma.o
    0x08005120   0x08005120   0x00000070   Code   RO         1650    i.HAL_DMA_Start_IT  stm32f1xx_hal_dma.o
    0x08005190   0x08005190   0x000001bc   Code   RO         1237    i.HAL_GPIO_Init     stm32f1xx_hal_gpio.o
    0x0800534c   0x0800534c   0x0000000a   Code   RO         1239    i.HAL_GPIO_ReadPin  stm32f1xx_hal_gpio.o
    0x08005356   0x08005356   0x00000008   Code   RO         1240    i.HAL_GPIO_TogglePin  stm32f1xx_hal_gpio.o
    0x0800535e   0x0800535e   0x0000000a   Code   RO         1241    i.HAL_GPIO_WritePin  stm32f1xx_hal_gpio.o
    0x08005368   0x08005368   0x0000000c   Code   RO         1491    i.HAL_GetTick       stm32f1xx_hal.o
    0x08005374   0x08005374   0x00000002   Code   RO         2182    i.HAL_I2C_AbortCpltCallback  stm32f1xx_hal_i2c.o
    0x08005376   0x08005376   0x00000002   Code   RO         2183    i.HAL_I2C_AddrCallback  stm32f1xx_hal_i2c.o
    0x08005378   0x08005378   0x000000d0   Code   RO         2186    i.HAL_I2C_ER_IRQHandler  stm32f1xx_hal_i2c.o
    0x08005448   0x08005448   0x000001f0   Code   RO         2187    i.HAL_I2C_EV_IRQHandler  stm32f1xx_hal_i2c.o
    0x08005638   0x08005638   0x00000002   Code   RO         2189    i.HAL_I2C_ErrorCallback  stm32f1xx_hal_i2c.o
    0x0800563a   0x0800563a   0x00000002   PAD
    0x0800563c   0x0800563c   0x00000140   Code   RO         2193    i.HAL_I2C_Init      stm32f1xx_hal_i2c.o
    0x0800577c   0x0800577c   0x00000160   Code   RO         2194    i.HAL_I2C_IsDeviceReady  stm32f1xx_hal_i2c.o
    0x080058dc   0x080058dc   0x00000002   Code   RO         2195    i.HAL_I2C_ListenCpltCallback  stm32f1xx_hal_i2c.o
    0x080058de   0x080058de   0x00000002   Code   RO         2196    i.HAL_I2C_MasterRxCpltCallback  stm32f1xx_hal_i2c.o
    0x080058e0   0x080058e0   0x00000002   Code   RO         2197    i.HAL_I2C_MasterTxCpltCallback  stm32f1xx_hal_i2c.o
    0x080058e2   0x080058e2   0x00000002   Code   RO         2207    i.HAL_I2C_MemRxCpltCallback  stm32f1xx_hal_i2c.o
    0x080058e4   0x080058e4   0x00000002   Code   RO         2208    i.HAL_I2C_MemTxCpltCallback  stm32f1xx_hal_i2c.o
    0x080058e6   0x080058e6   0x00000002   PAD
    0x080058e8   0x080058e8   0x00000220   Code   RO         2209    i.HAL_I2C_Mem_Read  stm32f1xx_hal_i2c.o
    0x08005b08   0x08005b08   0x0000013c   Code   RO         2212    i.HAL_I2C_Mem_Write  stm32f1xx_hal_i2c.o
    0x08005c44   0x08005c44   0x00000078   Code   RO          259    i.HAL_I2C_MspInit   stm32f1xx_hal_msp.o
    0x08005cbc   0x08005cbc   0x00000002   Code   RO         2217    i.HAL_I2C_SlaveRxCpltCallback  stm32f1xx_hal_i2c.o
    0x08005cbe   0x08005cbe   0x00000002   Code   RO         2218    i.HAL_I2C_SlaveTxCpltCallback  stm32f1xx_hal_i2c.o
    0x08005cc0   0x08005cc0   0x00000010   Code   RO         1495    i.HAL_IncTick       stm32f1xx_hal.o
    0x08005cd0   0x08005cd0   0x00000024   Code   RO         1496    i.HAL_Init          stm32f1xx_hal.o
    0x08005cf4   0x08005cf4   0x00000040   Code   RO         1497    i.HAL_InitTick      stm32f1xx_hal.o
    0x08005d34   0x08005d34   0x0000008c   Code   RO          260    i.HAL_MspInit       stm32f1xx_hal_msp.o
    0x08005dc0   0x08005dc0   0x00000016   Code   RO         1861    i.HAL_NVIC_EnableIRQ  stm32f1xx_hal_cortex.o
    0x08005dd6   0x08005dd6   0x00000002   PAD
    0x08005dd8   0x08005dd8   0x00000040   Code   RO         1867    i.HAL_NVIC_SetPriority  stm32f1xx_hal_cortex.o
    0x08005e18   0x08005e18   0x00000024   Code   RO         1868    i.HAL_NVIC_SetPriorityGrouping  stm32f1xx_hal_cortex.o
    0x08005e3c   0x08005e3c   0x00000024   Code   RO         1869    i.HAL_NVIC_SystemReset  stm32f1xx_hal_cortex.o
    0x08005e60   0x08005e60   0x0000000c   Code   RO         1741    i.HAL_PWR_EnableBkUpAccess  stm32f1xx_hal_pwr.o
    0x08005e6c   0x08005e6c   0x0000013c   Code   RO         3871    i.HAL_RCCEx_GetPeriphCLKFreq  stm32f1xx_hal_rcc_ex.o
    0x08005fa8   0x08005fa8   0x00000188   Code   RO         3872    i.HAL_RCCEx_PeriphCLKConfig  stm32f1xx_hal_rcc_ex.o
    0x08006130   0x08006130   0x00000154   Code   RO         4029    i.HAL_RCC_ClockConfig  stm32f1xx_hal_rcc.o
    0x08006284   0x08006284   0x0000000c   Code   RO         4034    i.HAL_RCC_GetHCLKFreq  stm32f1xx_hal_rcc.o
    0x08006290   0x08006290   0x00000020   Code   RO         4036    i.HAL_RCC_GetPCLK1Freq  stm32f1xx_hal_rcc.o
    0x080062b0   0x080062b0   0x00000020   Code   RO         4037    i.HAL_RCC_GetPCLK2Freq  stm32f1xx_hal_rcc.o
    0x080062d0   0x080062d0   0x000000c4   Code   RO         4038    i.HAL_RCC_GetSysClockFreq  stm32f1xx_hal_rcc.o
    0x08006394   0x08006394   0x000003c8   Code   RO         4041    i.HAL_RCC_OscConfig  stm32f1xx_hal_rcc.o
    0x0800675c   0x0800675c   0x00000010   Code   RO         3926    i.HAL_RTCEx_BKUPRead  stm32f1xx_hal_rtc_ex.o
    0x0800676c   0x0800676c   0x0000004e   Code   RO         1981    i.HAL_RTC_GetDate   stm32f1xx_hal_rtc.o
    0x080067ba   0x080067ba   0x000000d8   Code   RO         1983    i.HAL_RTC_GetTime   stm32f1xx_hal_rtc.o
    0x08006892   0x08006892   0x00000002   PAD
    0x08006894   0x08006894   0x000000a0   Code   RO         1984    i.HAL_RTC_Init      stm32f1xx_hal_rtc.o
    0x08006934   0x08006934   0x00000034   Code   RO          262    i.HAL_RTC_MspInit   stm32f1xx_hal_msp.o
    0x08006968   0x08006968   0x000000c4   Code   RO         1990    i.HAL_RTC_SetDate   stm32f1xx_hal_rtc.o
    0x08006a2c   0x08006a2c   0x000000ac   Code   RO         1991    i.HAL_RTC_SetTime   stm32f1xx_hal_rtc.o
    0x08006ad8   0x08006ad8   0x0000003a   Code   RO         1992    i.HAL_RTC_WaitForSynchro  stm32f1xx_hal_rtc.o
    0x08006b12   0x08006b12   0x00000018   Code   RO         1870    i.HAL_SYSTICK_CLKSourceConfig  stm32f1xx_hal_cortex.o
    0x08006b2a   0x08006b2a   0x00000004   Code   RO         1210    i.HAL_SYSTICK_Callback  irq_callback.o
    0x08006b2e   0x08006b2e   0x00000028   Code   RO         1872    i.HAL_SYSTICK_Config  stm32f1xx_hal_cortex.o
    0x08006b56   0x08006b56   0x00000008   Code   RO         1873    i.HAL_SYSTICK_IRQHandler  stm32f1xx_hal_cortex.o
    0x08006b5e   0x08006b5e   0x00000002   Code   RO         3211    i.HAL_TIMEx_BreakCallback  stm32f1xx_hal_tim_ex.o
    0x08006b60   0x08006b60   0x00000002   Code   RO         3212    i.HAL_TIMEx_CommutationCallback  stm32f1xx_hal_tim_ex.o
    0x08006b62   0x08006b62   0x00000050   Code   RO         3228    i.HAL_TIMEx_MasterConfigSynchronization  stm32f1xx_hal_tim_ex.o
    0x08006bb2   0x08006bb2   0x00000036   Code   RO         2582    i.HAL_TIM_Base_Init  stm32f1xx_hal_tim.o
    0x08006be8   0x08006be8   0x0000008c   Code   RO          264    i.HAL_TIM_Base_MspInit  stm32f1xx_hal_msp.o
    0x08006c74   0x08006c74   0x00000018   Code   RO         2587    i.HAL_TIM_Base_Start_IT  stm32f1xx_hal_tim.o
    0x08006c8c   0x08006c8c   0x0000002a   Code   RO         2590    i.HAL_TIM_Base_Stop_IT  stm32f1xx_hal_tim.o
    0x08006cb6   0x08006cb6   0x000000f2   Code   RO         2591    i.HAL_TIM_ConfigClockSource  stm32f1xx_hal_tim.o
    0x08006da8   0x08006da8   0x00000002   Code   RO         2611    i.HAL_TIM_IC_CaptureCallback  stm32f1xx_hal_tim.o
    0x08006daa   0x08006daa   0x00000166   Code   RO         2624    i.HAL_TIM_IRQHandler  stm32f1xx_hal_tim.o
    0x08006f10   0x08006f10   0x00000002   Code   RO         2627    i.HAL_TIM_OC_DelayElapsedCallback  stm32f1xx_hal_tim.o
    0x08006f12   0x08006f12   0x00000002   Code   RO         2654    i.HAL_TIM_PWM_PulseFinishedCallback  stm32f1xx_hal_tim.o
    0x08006f14   0x08006f14   0x00000154   Code   RO          343    i.HAL_TIM_PeriodElapsedCallback  main.o
    0x08007068   0x08007068   0x00000002   Code   RO         2665    i.HAL_TIM_TriggerCallback  stm32f1xx_hal_tim.o
    0x0800706a   0x0800706a   0x00000002   Code   RO         3561    i.HAL_UART_ErrorCallback  stm32f1xx_hal_uart.o
    0x0800706c   0x0800706c   0x00000110   Code   RO         3564    i.HAL_UART_IRQHandler  stm32f1xx_hal_uart.o
    0x0800717c   0x0800717c   0x00000062   Code   RO         3565    i.HAL_UART_Init     stm32f1xx_hal_uart.o
    0x080071de   0x080071de   0x00000002   PAD
    0x080071e0   0x080071e0   0x00000078   Code   RO          266    i.HAL_UART_MspInit  stm32f1xx_hal_msp.o
    0x08007258   0x08007258   0x00000002   Code   RO         3571    i.HAL_UART_RxCpltCallback  stm32f1xx_hal_uart.o
    0x0800725a   0x0800725a   0x000000ba   Code   RO         3573    i.HAL_UART_Transmit  stm32f1xx_hal_uart.o
    0x08007314   0x08007314   0x00000002   Code   RO         3576    i.HAL_UART_TxCpltCallback  stm32f1xx_hal_uart.o
    0x08007316   0x08007316   0x00000002   Code   RO           16    i.HardFault_Handler  stm32f1xx_it.o
    0x08007318   0x08007318   0x0000000c   Code   RO           17    i.I2C1_ER_IRQHandler  stm32f1xx_it.o
    0x08007324   0x08007324   0x0000000c   Code   RO           18    i.I2C1_EV_IRQHandler  stm32f1xx_it.o
    0x08007330   0x08007330   0x0000004e   Code   RO         2227    i.I2C_DMAAbort      stm32f1xx_hal_i2c.o
    0x0800737e   0x0800737e   0x00000002   PAD
    0x08007380   0x08007380   0x00000124   Code   RO         2230    i.I2C_ITError       stm32f1xx_hal_i2c.o
    0x080074a4   0x080074a4   0x00000028   Code   RO         2231    i.I2C_IsAcknowledgeFailed  stm32f1xx_hal_i2c.o
    0x080074cc   0x080074cc   0x000000c8   Code   RO         2232    i.I2C_MasterReceive_BTF  stm32f1xx_hal_i2c.o
    0x08007594   0x08007594   0x000000ae   Code   RO         2233    i.I2C_MasterReceive_RXNE  stm32f1xx_hal_i2c.o
    0x08007642   0x08007642   0x00000080   Code   RO         2236    i.I2C_MasterTransmit_BTF  stm32f1xx_hal_i2c.o
    0x080076c2   0x080076c2   0x00000002   PAD
    0x080076c4   0x080076c4   0x00000108   Code   RO         2237    i.I2C_MasterTransmit_TXE  stm32f1xx_hal_i2c.o
    0x080077cc   0x080077cc   0x0000011a   Code   RO         2238    i.I2C_Master_ADDR   stm32f1xx_hal_i2c.o
    0x080078e6   0x080078e6   0x0000005a   Code   RO         2239    i.I2C_Master_SB     stm32f1xx_hal_i2c.o
    0x08007940   0x08007940   0x000000f0   Code   RO         2240    i.I2C_RequestMemoryRead  stm32f1xx_hal_i2c.o
    0x08007a30   0x08007a30   0x000000a0   Code   RO         2241    i.I2C_RequestMemoryWrite  stm32f1xx_hal_i2c.o
    0x08007ad0   0x08007ad0   0x00000084   Code   RO         2242    i.I2C_Slave_AF      stm32f1xx_hal_i2c.o
    0x08007b54   0x08007b54   0x000000dc   Code   RO         2243    i.I2C_Slave_STOPF   stm32f1xx_hal_i2c.o
    0x08007c30   0x08007c30   0x0000004e   Code   RO         2244    i.I2C_WaitOnBTFFlagUntilTimeout  stm32f1xx_hal_i2c.o
    0x08007c7e   0x08007c7e   0x00000060   Code   RO         2245    i.I2C_WaitOnFlagUntilTimeout  stm32f1xx_hal_i2c.o
    0x08007cde   0x08007cde   0x00000002   PAD
    0x08007ce0   0x08007ce0   0x00000088   Code   RO         2246    i.I2C_WaitOnMasterAddressFlagUntilTimeout  stm32f1xx_hal_i2c.o
    0x08007d68   0x08007d68   0x00000062   Code   RO         2247    i.I2C_WaitOnRXNEFlagUntilTimeout  stm32f1xx_hal_i2c.o
    0x08007dca   0x08007dca   0x0000004e   Code   RO         2248    i.I2C_WaitOnTXEFlagUntilTimeout  stm32f1xx_hal_i2c.o
    0x08007e18   0x08007e18   0x0000007c   Code   RO          344    i.MX_ADC1_Init      main.o
    0x08007e94   0x08007e94   0x00000144   Code   RO          345    i.MX_GPIO_Init      main.o
    0x08007fd8   0x08007fd8   0x00000038   Code   RO          346    i.MX_I2C1_Init      main.o
    0x08008010   0x08008010   0x00000050   Code   RO          347    i.MX_TIM3_Init      main.o
    0x08008060   0x08008060   0x0000003c   Code   RO          348    i.MX_TIM6_Init      main.o
    0x0800809c   0x0800809c   0x0000003c   Code   RO          349    i.MX_TIM7_Init      main.o
    0x080080d8   0x080080d8   0x00000002   Code   RO           19    i.MemManage_Handler  stm32f1xx_it.o
    0x080080da   0x080080da   0x00000002   Code   RO           20    i.NMI_Handler       stm32f1xx_it.o
    0x080080dc   0x080080dc   0x00000020   Code   RO         1874    i.NVIC_SetPriority  stm32f1xx_hal_cortex.o
    0x080080fc   0x080080fc   0x00000002   Code   RO           21    i.PendSV_Handler    stm32f1xx_it.o
    0x080080fe   0x080080fe   0x00000002   Code   RO           22    i.RCC_IRQHandler    stm32f1xx_it.o
    0x08008100   0x08008100   0x00000012   Code   RO         1993    i.RTC_Bcd2ToByte    stm32f1xx_hal_rtc.o
    0x08008112   0x08008112   0x00000016   Code   RO         1994    i.RTC_ByteToBcd2    stm32f1xx_hal_rtc.o
    0x08008128   0x08008128   0x000000ae   Code   RO         1995    i.RTC_DateUpdate    stm32f1xx_hal_rtc.o
    0x080081d6   0x080081d6   0x00000034   Code   RO         1996    i.RTC_EnterInitMode  stm32f1xx_hal_rtc.o
    0x0800820a   0x0800820a   0x00000002   PAD
    0x0800820c   0x0800820c   0x00000036   Code   RO         1997    i.RTC_ExitInitMode  stm32f1xx_hal_rtc.o
    0x08008242   0x08008242   0x0000000e   Code   RO         1998    i.RTC_ReadAlarmCounter  stm32f1xx_hal_rtc.o
    0x08008250   0x08008250   0x00000020   Code   RO         1999    i.RTC_ReadTimeCounter  stm32f1xx_hal_rtc.o
    0x08008270   0x08008270   0x00000056   Code   RO         2000    i.RTC_WeekDayNum    stm32f1xx_hal_rtc.o
    0x080082c6   0x080082c6   0x00000028   Code   RO         2001    i.RTC_WriteAlarmCounter  stm32f1xx_hal_rtc.o
    0x080082ee   0x080082ee   0x00000028   Code   RO         2002    i.RTC_WriteTimeCounter  stm32f1xx_hal_rtc.o
    0x08008316   0x08008316   0x00000002   PAD
    0x08008318   0x08008318   0x0000008c   Code   RO          350    i.Read_Memory       main.o
    0x080083a4   0x080083a4   0x00000104   Code   RO          351    i.Record            main.o
    0x080084a8   0x080084a8   0x0000021c   Code   RO          353    i.Rules             main.o
    0x080086c4   0x080086c4   0x00000002   Code   RO           23    i.SVC_Handler       stm32f1xx_it.o
    0x080086c6   0x080086c6   0x0000000e   Code   RO           24    i.SysTick_Handler   stm32f1xx_it.o
    0x080086d4   0x080086d4   0x000000a0   Code   RO          355    i.SystemClock_Config  main.o
    0x08008774   0x08008774   0x00000054   Code   RO         4319    i.SystemInit        system_stm32f1xx.o
    0x080087c8   0x080087c8   0x0000000c   Code   RO           25    i.TIM3_IRQHandler   stm32f1xx_it.o
    0x080087d4   0x080087d4   0x0000000c   Code   RO           26    i.TIM6_IRQHandler   stm32f1xx_it.o
    0x080087e0   0x080087e0   0x0000000c   Code   RO           27    i.TIM7_IRQHandler   stm32f1xx_it.o
    0x080087ec   0x080087ec   0x0000007c   Code   RO         2666    i.TIM_Base_SetConfig  stm32f1xx_hal_tim.o
    0x08008868   0x08008868   0x00000014   Code   RO         2673    i.TIM_ETR_SetConfig  stm32f1xx_hal_tim.o
    0x0800887c   0x0800887c   0x00000010   Code   RO         2674    i.TIM_ITRx_SetConfig  stm32f1xx_hal_tim.o
    0x0800888c   0x0800888c   0x00000022   Code   RO         2680    i.TIM_TI1_ConfigInputStage  stm32f1xx_hal_tim.o
    0x080088ae   0x080088ae   0x00000024   Code   RO         2682    i.TIM_TI2_ConfigInputStage  stm32f1xx_hal_tim.o
    0x080088d2   0x080088d2   0x00000002   PAD
    0x080088d4   0x080088d4   0x0000064c   Code   RO          356    i.Test_Arc          main.o
    0x08008f20   0x08008f20   0x000004c0   Code   RO          357    i.Test_Opto         main.o
    0x080093e0   0x080093e0   0x0000004c   Code   RO          358    i.Time              main.o
    0x0800942c   0x0800942c   0x00000010   Code   RO         3578    i.UART_DMAAbortOnError  stm32f1xx_hal_uart.o
    0x0800943c   0x0800943c   0x0000001c   Code   RO         3588    i.UART_EndRxTransfer  stm32f1xx_hal_uart.o
    0x08009458   0x08009458   0x00000096   Code   RO         3590    i.UART_Receive_IT   stm32f1xx_hal_uart.o
    0x080094ee   0x080094ee   0x00000002   PAD
    0x080094f0   0x080094f0   0x00000170   Code   RO         3591    i.UART_SetConfig    stm32f1xx_hal_uart.o
    0x08009660   0x08009660   0x00000062   Code   RO         3592    i.UART_Transmit_IT  stm32f1xx_hal_uart.o
    0x080096c2   0x080096c2   0x00000064   Code   RO         3593    i.UART_WaitOnFlagUntilTimeout  stm32f1xx_hal_uart.o
    0x08009726   0x08009726   0x00000002   PAD
    0x08009728   0x08009728   0x00000058   Code   RO           28    i.USART1_IRQHandler  stm32f1xx_it.o
    0x08009780   0x08009780   0x00000002   Code   RO           29    i.UsageFault_Handler  stm32f1xx_it.o
    0x08009782   0x08009782   0x00000002   Code   RO          359    i._Error_Handler    main.o
    0x08009784   0x08009784   0x0000000e   Code   RO         4395    i.__scatterload_copy  mc_w.l(handlers.o)
    0x08009792   0x08009792   0x00000002   Code   RO         4396    i.__scatterload_null  mc_w.l(handlers.o)
    0x08009794   0x08009794   0x0000000e   Code   RO         4397    i.__scatterload_zeroinit  mc_w.l(handlers.o)
    0x080097a2   0x080097a2   0x00000002   PAD
    0x080097a4   0x080097a4   0x00000060   Code   RO          360    i.checkBoot         main.o
    0x08009804   0x08009804   0x00000020   Code   RO          791    i.eMBEnable         mb.o
    0x08009824   0x08009824   0x00000072   Code   RO          991    i.eMBFuncReadCoils  mbfunccoils.o
    0x08009896   0x08009896   0x00000072   Code   RO         1030    i.eMBFuncReadDiscreteInputs  mbfuncdisc.o
    0x08009908   0x08009908   0x00000064   Code   RO         1054    i.eMBFuncReadHoldingRegister  mbfuncholding.o
    0x0800996c   0x0800996c   0x00000062   Code   RO         1096    i.eMBFuncReadInputRegister  mbfuncinput.o
    0x080099ce   0x080099ce   0x0000009c   Code   RO         1055    i.eMBFuncReadWriteMultipleHoldingRegister  mbfuncholding.o
    0x08009a6a   0x08009a6a   0x00000002   PAD
    0x08009a6c   0x08009a6c   0x00000024   Code   RO         1120    i.eMBFuncReportSlaveID  mbfuncother.o
    0x08009a90   0x08009a90   0x00000056   Code   RO          992    i.eMBFuncWriteCoil  mbfunccoils.o
    0x08009ae6   0x08009ae6   0x00000032   Code   RO         1056    i.eMBFuncWriteHoldingRegister  mbfuncholding.o
    0x08009b18   0x08009b18   0x00000064   Code   RO          993    i.eMBFuncWriteMultipleCoils  mbfunccoils.o
    0x08009b7c   0x08009b7c   0x0000004e   Code   RO         1057    i.eMBFuncWriteMultipleHoldingRegister  mbfuncholding.o
    0x08009bca   0x08009bca   0x00000002   PAD
    0x08009bcc   0x08009bcc   0x00000080   Code   RO          792    i.eMBInit           mb.o
    0x08009c4c   0x08009c4c   0x000000b0   Code   RO          793    i.eMBPoll           mb.o
    0x08009cfc   0x08009cfc   0x0000004c   Code   RO          918    i.eMBRTUInit        mbrtu.o
    0x08009d48   0x08009d48   0x0000004c   Code   RO          919    i.eMBRTUReceive     mbrtu.o
    0x08009d94   0x08009d94   0x0000006c   Code   RO          920    i.eMBRTUSend        mbrtu.o
    0x08009e00   0x08009e00   0x00000024   Code   RO          921    i.eMBRTUStart       mbrtu.o
    0x08009e24   0x08009e24   0x0000001a   Code   RO          922    i.eMBRTUStop        mbrtu.o
    0x08009e3e   0x08009e3e   0x00000002   PAD
    0x08009e40   0x08009e40   0x000000a0   Code   RO          592    i.eMBRegCoilsCB     user_mb_app.o
    0x08009ee0   0x08009ee0   0x00000074   Code   RO          593    i.eMBRegDiscreteCB  user_mb_app.o
    0x08009f54   0x08009f54   0x00000074   Code   RO          594    i.eMBRegHoldingCB   user_mb_app.o
    0x08009fc8   0x08009fc8   0x0000004c   Code   RO          595    i.eMBRegInputCB     user_mb_app.o
    0x0800a014   0x0800a014   0x0000085c   Code   RO          361    i.main              main.o
    0x0800a870   0x0800a870   0x00000018   Code   RO         1153    i.prveMBError2Exception  mbutils.o
    0x0800a888   0x0800a888   0x00000058   Code   RO          362    i.readRTC           main.o
    0x0800a8e0   0x0800a8e0   0x0000003c   Code   RO          363    i.setRTC            main.o
    0x0800a91c   0x0800a91c   0x0000002c   Code   RO          892    i.usMBCRC16         mbcrc.o
    0x0800a948   0x0800a948   0x00000054   Code   RO          709    i.vMBPortSerialEnable  portserial.o
    0x0800a99c   0x0800a99c   0x0000000c   Code   RO          776    i.vMBPortTimersDisable  porttimer.o
    0x0800a9a8   0x0800a9a8   0x00000018   Code   RO          770    i.vMBPortTimersEnable  porttimer.o
    0x0800a9c0   0x0800a9c0   0x0000001c   Code   RO          671    i.xMBPortEventGet   portevent.o
    0x0800a9dc   0x0800a9dc   0x00000010   Code   RO          672    i.xMBPortEventInit  portevent.o
    0x0800a9ec   0x0800a9ec   0x00000010   Code   RO          673    i.xMBPortEventPost  portevent.o
    0x0800a9fc   0x0800a9fc   0x0000003c   Code   RO          710    i.xMBPortSerialGetByte  portserial.o
    0x0800aa38   0x0800aa38   0x00000004   Code   RO          711    i.xMBPortSerialInit  portserial.o
    0x0800aa3c   0x0800aa3c   0x0000001c   Code   RO          712    i.xMBPortSerialPutByte  portserial.o
    0x0800aa58   0x0800aa58   0x00000074   Code   RO          752    i.xMBPortTimersInit  porttimer.o
    0x0800aacc   0x0800aacc   0x00000060   Code   RO          923    i.xMBRTUReceiveFSM  mbrtu.o
    0x0800ab2c   0x0800ab2c   0x00000028   Code   RO          924    i.xMBRTUTimerT35Expired  mbrtu.o
    0x0800ab54   0x0800ab54   0x00000050   Code   RO          925    i.xMBRTUTransmitFSM  mbrtu.o
    0x0800aba4   0x0800aba4   0x00000022   Code   RO         1154    i.xMBUtilGetBits    mbutils.o
    0x0800abc6   0x0800abc6   0x0000002a   Code   RO         1155    i.xMBUtilSetBits    mbutils.o
    0x0800abf0   0x0800abf0   0x00000200   Data   RO          893    .constdata          mbcrc.o
    0x0800adf0   0x0800adf0   0x00000010   Data   RO         4320    .constdata          system_stm32f1xx.o
    0x0800ae00   0x0800ae00   0x00000008   Data   RO         4321    .constdata          system_stm32f1xx.o
    0x0800ae08   0x0800ae08   0x00000020   Data   RO         4393    Region$$Table       anon$$obj.o


    Execution Region RW_IRAM1 (Exec base: 0x20000000, Load base: 0x0800ae28, Size: 0x00004958, Max: 0x00010000, ABSOLUTE, COMPRESSED[0x00000058])

    Exec Addr    Load Addr    Size         Type   Attr      Idx    E Section Name        Object

    0x20000000   COMPRESSED   0x000001f0   Data   RW          372    .data               main.o
    0x200001f0   COMPRESSED   0x00000002   Data   RW          444    .data               main.o
    0x200001f2   COMPRESSED   0x00000012   Data   RW          597    .data               user_mb_app.o
    0x20000204   COMPRESSED   0x00000002   Data   RW          674    .data               portevent.o
    0x20000206   COMPRESSED   0x00000002   PAD
    0x20000208   COMPRESSED   0x000000ac   Data   RW          795    .data               mb.o
    0x200002b4   COMPRESSED   0x0000000c   Data   RW          927    .data               mbrtu.o
    0x200002c0   COMPRESSED   0x00000002   Data   RW         1123    .data               mbfuncother.o
    0x200002c2   COMPRESSED   0x00000002   PAD
    0x200002c4   COMPRESSED   0x0000000c   Data   RW         1503    .data               stm32f1xx_hal.o
    0x200002d0   COMPRESSED   0x00000004   Data   RW         4322    .data               system_stm32f1xx.o
    0x200002d4        -       0x000001e8   Zero   RW          364    .bss                main.o
    0x200004bc        -       0x00000044   Zero   RW          369    .bss                main.o
    0x20000500        -       0x00000334   Zero   RW          596    .bss                user_mb_app.o
    0x20000834        -       0x00000100   Zero   RW          926    .bss                mbrtu.o
    0x20000934        -       0x00000020   Zero   RW         1122    .bss                mbfuncother.o
    0x20000954   COMPRESSED   0x00000004   PAD
    0x20000958        -       0x00004000   Zero   RW            1    STACK               startup_stm32f107xc.o


==============================================================================

Image component sizes


      Code (inc. data)   RO Data    RW Data    ZI Data      Debug   Object Name

         4          0          0          0          0        479   irq_callback.o
      8218        410          0        498        556      49423   main.o
       336         40          0        172          0       5327   mb.o
        44          4        512          0          0       1460   mbcrc.o
       300          0          0          0          0       4042   mbfunccoils.o
       114          0          0          0          0       1740   mbfuncdisc.o
       384          0          0          0          0       5511   mbfuncholding.o
        98          0          0          0          0       1727   mbfuncinput.o
        36         10          0          2         32       1623   mbfuncother.o
       538         42          0         12        256       7007   mbrtu.o
       100          0          0          0          0       2882   mbutils.o
         8          0          0          0          0       1045   port.o
        60         14          0          2          0       2532   portevent.o
       176         24          0          0          0       3235   portserial.o
       152         72          0          0          0       1721   porttimer.o
        36          8        336          0      16384        820   startup_stm32f107xc.o
       128         24          0         12          0       3533   stm32f1xx_hal.o
      1186         54          0          0          0       9338   stm32f1xx_hal_adc.o
       200          6          0          0          0       1518   stm32f1xx_hal_adc_ex.o
       262         24          0          0          0      27913   stm32f1xx_hal_cortex.o
      1222         52          0          0          0       5382   stm32f1xx_hal_dma.o
       472         36          0          0          0       4328   stm32f1xx_hal_gpio.o
      5042         94          0          0          0      32144   stm32f1xx_hal_i2c.o
       720        122          0          0          0       4590   stm32f1xx_hal_msp.o
        12          4          0          0          0        563   stm32f1xx_hal_pwr.o
      1580        118          0          0          0       6264   stm32f1xx_hal_rcc.o
       708         66          0          0          0       3081   stm32f1xx_hal_rcc_ex.o
      1412         14          0          0          0      13552   stm32f1xx_hal_rtc.o
        16          6          0          0          0       1113   stm32f1xx_hal_rtc_ex.o
       958         18          0          0          0      10746   stm32f1xx_hal_tim.o
        84          0          0          0          0       2526   stm32f1xx_hal_tim_ex.o
      1322         10          0          0          0       9699   stm32f1xx_hal_uart.o
       192         50          0          0          0     694075   stm32f1xx_it.o
        84         16         24          4          0       1311   system_stm32f1xx.o
       468         28          0         18        820       5087   user_mb_app.o

    ----------------------------------------------------------------------
     26708       1366        904        724      18052     927337   Object Totals
         0          0         32          0          0          0   (incl. Generated)
        36          0          0          4          4          0   (incl. Padding)

    ----------------------------------------------------------------------

      Code (inc. data)   RO Data    RW Data    ZI Data      Debug   Library Member Name

        86          0          0          0          0          0   __dczerorl2.o
         0          0          0          0          0          0   entry.o
         0          0          0          0          0          0   entry10a.o
         0          0          0          0          0          0   entry11a.o
         8          4          0          0          0          0   entry2.o
         4          0          0          0          0          0   entry5.o
         0          0          0          0          0          0   entry7b.o
         0          0          0          0          0          0   entry8b.o
         8          4          0          0          0          0   entry9a.o
        30          0          0          0          0          0   handlers.o
        36          8          0          0          0         68   init.o
         0          0          0          0          0          0   iusefp.o
        30          0          0          0          0         68   llshl.o
        32          0          0          0          0         68   llushr.o
        36          0          0          0          0         68   memcpya.o
        36          0          0          0          0        108   memseta.o
        98          0          0          0          0         92   uldiv.o
       110          0          0          0          0        168   fepilogue.o
        40          0          0          0          0         68   ffixui.o
        18          0          0          0          0         68   fflti.o
        10          0          0          0          0         68   ffltui.o

    ----------------------------------------------------------------------
       588         16          0          0          0        844   Library Totals
         6          0          0          0          0          0   (incl. Padding)

    ----------------------------------------------------------------------

      Code (inc. data)   RO Data    RW Data    ZI Data      Debug   Library Name

       404         16          0          0          0        472   mc_w.l
       178          0          0          0          0        372   mf_w.l

    ----------------------------------------------------------------------
       588         16          0          0          0        844   Library Totals

    ----------------------------------------------------------------------

==============================================================================


      Code (inc. data)   RO Data    RW Data    ZI Data      Debug   

     27296       1382        904        724      18052     917285   Grand Totals
     27296       1382        904         88      18052     917285   ELF Image Totals (compressed)
     27296       1382        904         88          0          0   ROM Totals

==============================================================================

    Total RO  Size (Code + RO Data)                28200 (  27.54kB)
    Total RW  Size (RW Data + ZI Data)             18776 (  18.34kB)
    Total ROM Size (Code + RO Data + RW Data)      28288 (  27.63kB)

==============================================================================

