<html>
<body>
<pre>
<h1>µVision Build Log</h1>
<h2>Tool Versions:</h2>
IDE-Version: µVision V5.29.0.0
Copyright (C) 2019 ARM Ltd and ARM Germany GmbH. All rights reserved.
License Information: Lisov Maxim, KEPS, LIC=KRMW3-A0NMG-II05V-PGWAK-10VQ6-ADNQ2
 
Tool Versions:
Toolchain:       MDK-ARM Plus  Version: 5.29.0.0
Toolchain Path:  C:\Keil_v5\ARM\ARMCC\Bin
C Compiler:      Armcc.exe V5.06 update 6 (build 750)
Assembler:       Armasm.exe V5.06 update 6 (build 750)
Linker/Locator:  ArmLink.exe V5.06 update 6 (build 750)
Library Manager: ArmAr.exe V5.06 update 6 (build 750)
Hex Converter:   FromElf.exe V5.06 update 6 (build 750)
CPU DLL:         SARMCM3.DLL V5.29.0.0
Dialog DLL:      DCM.DLL V1.17.3.0
Target DLL:      STLink\ST-LINKIII-KEIL_SWO.dll V3.0.7.0
Dialog DLL:      TCM.DLL V1.36.5.0
 
<h2>Project:</h2>
Z:\Дуговая Защита\ПО\Программа и прошивка DZ_v5 - 02.06.21\DZ_logic\MDK-ARM\DZ_logic.uvprojx
Project File Date:  06/02/2021

<h2>Output:</h2>
*** Using Compiler 'V5.06 update 6 (build 750)', folder: 'C:\Keil_v5\ARM\ARMCC\Bin'
Build target 'DZ_logic'
compiling main.c...
../Inc/main.h(75): warning:  #1295-D: Deprecated declaration readRTC - give arg types
  void readRTC();
../Inc/main.h(76): warning:  #1295-D: Deprecated declaration setRTC - give arg types
  void setRTC();
../Inc/main.h(77): warning:  #1295-D: Deprecated declaration checkBoot - give arg types
  void	checkBoot();
../Inc/main.h(78): warning:  #1295-D: Deprecated declaration PVD_Config - give arg types
  void PVD_Config();
../Src/main.c(702): warning:  #177-D: variable "schet"  was declared but never referenced
  			int schet=0;
../Src/main.c(707): warning:  #177-D: variable "fata_3"  was declared but never referenced
  			float fata_1[8],fata_2[8],fata_3[1];
../Src/main.c(989): warning:  #177-D: variable "sTime"  was declared but never referenced
    RTC_TimeTypeDef sTime;
../Src/main.c(990): warning:  #177-D: variable "DateToUpdate"  was declared but never referenced
    RTC_DateTypeDef DateToUpdate;
../Src/main.c(1400): warning:  #174-D: expression has no effect
  		for(memAddrsetpoint;memAddrsetpoint<0x0840;memAddrsetpoint+=0x0020)
../Src/main.c(1536): warning:  #174-D: expression has no effect
  		for(variable;variable < quantity; variable++)
../Src/main.c(1500): warning:  #550-D: variable "rmsg"  was set but never used
      float rmsg[8];
../Src/main.c(1501): warning:  #177-D: variable "rmsg_1"  was declared but never referenced
  		int rmsg_1[2];
../Src/main.c(1504): warning:  #177-D: variable "memaddress_of_the"  was declared but never referenced
  		uint16_t memaddress_of_the = 0x0900;
../Src/main.c(1515): warning:  #177-D: variable "status"  was declared but never referenced
      HAL_StatusTypeDef status;
../Src/main.c(1572): warning:  #174-D: expression has no effect
  		for(memaddress_of_the_memory;memaddress_of_the_memory<500;memaddress_of_the_memory+=0x0020)
../Src/main.c(1577): warning:  #174-D: expression has no effect
  			for(variable;variable < quantity; variable++)
../Src/main.c(1568): warning:  #177-D: variable "status"  was declared but never referenced
  		HAL_StatusTypeDef status;
../Src/main.c: 17 warnings, 0 errors
linking...
Program Size: Code=27296 RO-data=904 RW-data=724 ZI-data=18052  
FromELF: creating hex file...
"DZ_logic\DZ_logic.axf" - 0 Error(s), 17 Warning(s).

<h2>Software Packages used:</h2>

Package Vendor: ARM
                http://www.keil.com/pack/ARM.CMSIS.5.7.0.pack
                ARM.CMSIS.5.7.0
                CMSIS (Cortex Microcontroller Software Interface Standard)
   * Component: CORE Version: 5.4.0

Package Vendor: Keil
                http://www.keil.com/pack/Keil.STM32F1xx_DFP.2.3.0.pack
                Keil.STM32F1xx_DFP.2.3.0
                STMicroelectronics STM32F1 Series Device Support, Drivers and Examples

<h2>Collection of Component include folders:</h2>
  .\RTE\_DZ_logic
  C:\Users\Airon\AppData\Local\Arm\Packs\ARM\CMSIS\5.7.0\CMSIS\Core\Include
  C:\Users\Airon\AppData\Local\Arm\Packs\Keil\STM32F1xx_DFP\2.3.0\Device\Include

<h2>Collection of Component Files used:</h2>

   * Component: ARM::CMSIS:CORE:5.4.0
Build Time Elapsed:  00:00:30
</pre>
</body>
</html>
